Archive member included because of file (symbol)

board/100ask24x0/lib100ask24x0.a(lowlevel_init.o)
                              cpu/arm920t/start.o (lowlevel_init)
cpu/arm920t/libarm920t.a(interrupts.o)
                              cpu/arm920t/start.o (do_undefined_instruction)
cpu/arm920t/s3c24x0/libs3c24x0.a(interrupts.o)
                              cpu/arm920t/libarm920t.a(interrupts.o) (reset_cpu)
cpu/arm920t/s3c24x0/libs3c24x0.a(speed.o)
                              cpu/arm920t/s3c24x0/libs3c24x0.a(interrupts.o) (get_PCLK)
lib_arm/libarm.a(_udivsi3.o)  cpu/arm920t/s3c24x0/libs3c24x0.a(interrupts.o) (__udivsi3)
lib_arm/libarm.a(board.o)     cpu/arm920t/s3c24x0/libs3c24x0.a(speed.o) (hang)
lib_arm/libarm.a(div0.o)      lib_arm/libarm.a(_udivsi3.o) (__div0)
net/libnet.a(net.o)           lib_arm/libarm.a(board.o) (copy_filename)
net/libnet.a(tftp.o)          net/libnet.a(net.o) (TftpStart)
net/libnet.a(bootp.o)         net/libnet.a(net.o) (BootpRequest)
net/libnet.a(rarp.o)          net/libnet.a(net.o) (RarpRequest)
net/libnet.a(eth.o)           lib_arm/libarm.a(board.o) (eth_initialize)
net/libnet.a(nfs.o)           net/libnet.a(net.o) (NfsStart)
drivers/libdrivers.a(cfi_flash.o)
                              lib_arm/libarm.a(board.o) (flash_init)
drivers/libdrivers.a(jedec_flash.o)
                              drivers/libdrivers.a(cfi_flash.o) (jedec_flash_match)
drivers/libdrivers.a(dm9000x.o)
                              net/libnet.a(net.o) (eth_init)
drivers/nand/libnand.a(nand.o)
                              lib_arm/libarm.a(board.o) (nand_init)
drivers/nand/libnand.a(nand_base.o)
                              drivers/nand/libnand.a(nand.o) (nand_scan)
drivers/nand/libnand.a(nand_ids.o)
                              drivers/nand/libnand.a(nand_base.o) (nand_manuf_ids)
drivers/nand/libnand.a(nand_ecc.o)
                              drivers/nand/libnand.a(nand_base.o) (nand_calculate_ecc)
drivers/nand/libnand.a(nand_bbt.o)
                              drivers/nand/libnand.a(nand_base.o) (nand_update_bbt)
drivers/usb/libusb.a(usbmain.o)
                              cpu/arm920t/s3c24x0/libs3c24x0.a(interrupts.o) (IsrUsbd)
drivers/usb/libusb.a(usbout.o)
                              drivers/usb/libusb.a(usbmain.o) (Ep3Handler)
drivers/usb/libusb.a(usbsetup.o)
                              drivers/usb/libusb.a(usbmain.o) (Ep0Handler)
drivers/usb/libusb.a(usbinit.o)
                              drivers/usb/libusb.a(usbout.o) (download_run)
drivers/usb/libusb.a(usbin.o)
                              drivers/usb/libusb.a(usbmain.o) (PrepareEp1Fifo)
drivers/usb/libusb.a(usblib.o)
                              drivers/usb/libusb.a(usbmain.o) (ReconfigUsbd)
common/libcommon.a(main.o)    lib_arm/libarm.a(board.o) (main_loop)
common/libcommon.a(cmd_autoscript.o)
                              (__u_boot_cmd_autoscr)
common/libcommon.a(cmd_bdinfo.o)
                              (__u_boot_cmd_bdinfo)
common/libcommon.a(cmd_boot.o)
                              (__u_boot_cmd_reset)
common/libcommon.a(cmd_bootm.o)
                              (__u_boot_cmd_imls)
common/libcommon.a(cmd_cache.o)
                              (__u_boot_cmd_dcache)
common/libcommon.a(cmd_console.o)
                              (__u_boot_cmd_coninfo)
common/libcommon.a(cmd_date.o)
                              (__u_boot_cmd_date)
common/libcommon.a(cmd_elf.o)
                              (__u_boot_cmd_bootvx)
common/libcommon.a(cmd_flash.o)
                              (__u_boot_cmd_protect)
common/libcommon.a(cmd_itest.o)
                              (__u_boot_cmd_itest)
common/libcommon.a(cmd_jffs2.o)
                              (__u_boot_cmd_mtdparts)
common/libcommon.a(cmd_load.o)
                              (__u_boot_cmd_loady)
common/libcommon.a(cmd_mem.o)
                              (__u_boot_cmd_mtest)
common/libcommon.a(cmd_misc.o)
                              (__u_boot_cmd_sleep)
common/libcommon.a(cmd_nand.o)
                              (__u_boot_cmd_nboot)
common/libcommon.a(cmd_net.o)
                              (__u_boot_cmd_ping)
common/libcommon.a(cmd_nvedit.o)
                              (__u_boot_cmd_run)
common/libcommon.a(cmd_usbslave.o)
                              (__u_boot_cmd_usbslave)
common/libcommon.a(cmd_menu.o)
                              (__u_boot_cmd_menu)
common/libcommon.a(command.o)
                              (__u_boot_cmd_question_mark)
common/libcommon.a(console.o)
                              cpu/arm920t/libarm920t.a(interrupts.o) (printf)
common/libcommon.a(devices.o)
                              common/libcommon.a(cmd_console.o) (stdio_names)
common/libcommon.a(dlmalloc.o)
                              drivers/nand/libnand.a(nand_base.o) (free)
common/libcommon.a(env_common.o)
                              common/libcommon.a(cmd_nvedit.o) (env_get_char)
common/libcommon.a(env_nand.o)
                              common/libcommon.a(env_common.o) (env_ptr)
[...]
Memory Configuration

Name             Origin             Length             Attributes
*default*        0x00000000         0xffffffff

Linker script and memory map

                0x00000000                . = 0x0
                0x00000000                . = ALIGN (0x4)

.text           0x33f80000    0x24570
 cpu/arm920t/start.o(.text)
 .text          0x33f80000      0x560 cpu/arm920t/start.o
                0x33f80000                _start
                0x33f803e0                Launch
                0x33f80058                PreLoadedONRAM
                0x33f80044                _armboot_start
                0x33f80048                _bss_start
                0x33f80054                FREE_RAM_SIZE
                0x33f80050                FREE_RAM_END
                0x33f8005c                IRQ_STACK_START
                0x33f8004c                _bss_end
                0x33f80060                FIQ_STACK_START
 board/100ask24x0/boot_init.o(.text)
 .text          0x33f80560      0x640 board/100ask24x0/boot_init.o
                0x33f807a8                nand_init_ll
                0x33f80a80                CopyCode2Ram
                0x33f80a54                bBootFrmNORFlash
                0x33f80ae8                clock_init
                0x33f80838                nand_read_ll
                0x33f80930                nand_read_ll_lp
 *(.text)
 .text          0x33f80ba0       0x64 board/100ask24x0/lib100ask24x0.a(lowlevel_init.o)
                0x33f80ba4                lowlevel_init
 .text          0x33f80c04      0x280 cpu/arm920t/libarm920t.a(interrupts.o)
                0x33f80e60                do_irq
                0x33f80d88                do_undefined_instruction
                0x33f80e3c                do_fiq
                0x33f80c30                bad_mode
                0x33f80c04                enable_interrupts
                0x33f80c4c                show_regs
                0x33f80c14                disable_interrupts
                0x33f80dd0                do_prefetch_abort
                0x33f80dac                do_software_interrupt
                0x33f80df4                do_data_abort
                0x33f80e18                do_not_used
 .text          0x33f80e84      0x50c cpu/arm920t/s3c24x0/libs3c24x0.a(interrupts.o)
                0x33f81024                udelay_masked
                0x33f80f04                reset_timer_masked
                0x33f812ac                Isr_Init
                0x33f81340                IRQ_Handle
                0x33f810c0                reset_cpu
                0x33f810b4                get_tbclk
                0x33f81150                Timer_StartEx
                0x33f810a0                get_ticks
                0x33f8122c                IsrWatchdog
                0x33f811ac                Timer_StopEx
                0x33f80e84                interrupt_init
                0x33f810e0                ClearPending
                0x33f80f34                reset_timer
                0x33f80fc8                udelay
                0x33f80fb8                set_timer
                0x33f80f38                get_timer_masked
                0x33f810fc                Timer_InitEx
                0x33f81264                IsrTimer4
                0x33f80fa4                get_timer
                0x33f81284                Dummy_isr
 .text          0x33f81390      0x248 cpu/arm920t/s3c24x0/libs3c24x0.a(speed.o)
                0x33f81508                get_PCLK
                0x33f815d0                get_UCLK
                0x33f81448                get_HCLK
                0x33f81440                get_FCLK
 .text          0x33f815d8       0x98 lib_arm/libarm.a(_udivsi3.o)
                0x33f815d8                __udivsi3
 .text          0x33f81670      0x328 lib_arm/libarm.a(board.o)
                0x33f81670                sbrk
                0x33f81790                start_armboot
                0x33f81758                display_flash_config
                0x33f81780                hang
 .text          0x33f81998        0x4 lib_arm/libarm.a(div0.o)
                0x33f81998                __div0
 .text          0x33f8199c     0x14f0 net/libnet.a(net.o)
                0x33f82a10                getenv_VLAN
                0x33f81bf0                NetSetHandler
                0x33f81d0c                NetCksum
                0x33f82000                PingSend
                0x33f8295c                VLAN_to_string
                0x33f82324                NetReceive
                0x33f81e98                NetSendUDPPacket
                0x33f81d58                NetSetIP
                0x33f82254                copy_filename
                0x33f8199c                NetSetEther
                0x33f81a5c                ArpRequest
                0x33f82a28                NetLoop
                0x33f81c80                ArpTimeoutCheck
                0x33f81d08                NetSendPacket
                0x33f82300                print_IPaddr
                0x33f829b8                string_to_VLAN
                0x33f821ec                NetCksumOk
                0x33f822a8                ip_to_string
                0x33f828cc                string_to_ip
                0x33f82210                NetEthHdrSize
                0x33f81c00                NetStartAgain
                0x33f8294c                getenv_IPaddr
                0x33f81bb4                NetSetTimeout
 .text          0x33f82e8c      0x6b8 net/libnet.a(tftp.o)
                0x33f83320                TftpStart
 .text          0x33f83544      0x65c net/libnet.a(bootp.o)
                0x33f838f4                BootpRequest
 .text          0x33f83ba0      0x1a0 net/libnet.a(rarp.o)
                0x33f83bf8                RarpRequest
 .text          0x33f83d40        0x8 net/libnet.a(eth.o)
                0x33f83d40                eth_initialize
 .text          0x33f83d48      0xef0 net/libnet.a(nfs.o)
                0x33f849dc                NfsStart
 .text          0x33f84c38     0x23bc drivers/libdrivers.a(cfi_flash.o)
                0x33f866ec                flash_read_jedec_ids
                0x33f86dc8                flash_init
                0x33f84c7c                flash_read64
                0x33f85b44                write_buff
                0x33f856f8                flash_erase
                0x33f84c84                flash_sector_size
                0x33f86754                flash_get_size
                0x33f85908                flash_print_info
 .text          0x33f86ff4      0x234 drivers/libdrivers.a(jedec_flash.o)
                0x33f871c4                jedec_flash_probe
                0x33f86ff4                jedec_flash_match
 .text          0x33f87228      0xc68 drivers/libdrivers.a(dm9000x.o)
                0x33f875ac                eth_init
                0x33f87bf0                eth_send
                0x33f87e34                write_srom_word
                0x33f87cc0                eth_halt
                0x33f87554                read_srom_word
                0x33f87cf8                eth_rx
 .text          0x33f87e90       0x94 drivers/nand/libnand.a(nand.o)
                0x33f87e90                nand_init
 .text          0x33f87f24     0x2d40 drivers/nand/libnand.a(nand_base.o)
                0x33f89be8                nand_write_calmecc
                0x33f8a214                nand_scan
                0x33f89314                nand_read_raw
                0x33f8ac28                nand_release
                0x33f89f84                nand_erase_nand
 .text          0x33f8ac64      0x298 drivers/nand/libnand.a(nand_ecc.o)
                0x33f8ac64                nand_calculate_ecc
                0x33f8ad78                nand_correct_data
 .text          0x33f8aefc     0x15ec drivers/nand/libnand.a(nand_bbt.o)
                0x33f8c480                nand_isbad_bbt
                0x33f8c3ac                nand_default_bbt
                0x33f8bf54                nand_scan_bbt
                0x33f8bc60                nand_update_bbt
 .text          0x33f8c4e8      0x11c drivers/usb/libusb.a(usbmain.o)
                0x33f8c5d0                _WrDbgStrFifo
                0x33f8c4e8                UsbdMain
                0x33f8c4fc                DbgPrintf
                0x33f8c508                IsrUsbd
 .text          0x33f8c604      0x3c4 drivers/usb/libusb.a(usbout.o)
                0x33f8c804                IsrDma2
                0x33f8c9a0                ClearEp3OutPktReady
                0x33f8c654                Ep3Handler
 .text          0x33f8c9c8      0xc58 drivers/usb/libusb.a(usbsetup.o)
                0x33f8ca0c                Ep0Handler
                0x33f8c9c8                PrintEp0Pkt
                0x33f8d4d4                InitDescriptorTable
 .text          0x33f8d620      0x6c4 drivers/usb/libusb.a(usbinit.o)
                0x33f8dcc8                Clk1_Disable
                0x33f8dc30                HaltDabort
                0x33f8dc78                Clk1_Enable
                0x33f8dcac                Clk0_Disable
                0x33f8d620                awaitkey
                0x33f8dbf4                HaltUndef
                0x33f8dc1c                HaltPabort
                0x33f8d690                Port_Init
                0x33f8d790                usb_init
                0x33f8dc08                HaltSwi
                0x33f8dc44                Clk0_Enable
                0x33f8d92c                usb_receive
 .text          0x33f8dce4      0x120 drivers/usb/libusb.a(usbin.o)
                0x33f8dd50                Ep1Handler
                0x33f8dce4                PrepareEp1Fifo
 .text          0x33f8de04      0x3f4 drivers/usb/libusb.a(usblib.o)
                0x33f8de04                ReconfigUsbd
                0x33f8e198                ConfigEp3IntMode
                0x33f8e010                WrPktEp2
                0x33f8df80                RdPktEp0
                0x33f8e070                RdPktEp4
                0x33f8df5c                ConfigUsbd
                0x33f8dfe0                WrPktEp1
                0x33f8e0a0                ConfigEp3DmaMode
                0x33f8dfb0                WrPktEp0
                0x33f8e040                RdPktEp3
 .text          0x33f8e1f8      0x9b8 common/libcommon.a(main.o)
                0x33f8e4b0                run_command
                0x33f8eb34                do_run
                0x33f8e2d4                readline
                0x33f8e900                main_loop
 .text          0x33f8ebb0      0x260 common/libcommon.a(cmd_autoscript.o)
                0x33f8ebb0                autoscript
                0x33f8edd0                do_autoscript
 .text          0x33f8ee10       0xe4 common/libcommon.a(cmd_bdinfo.o)
                0x33f8ee24                do_bdinfo
 .text          0x33f8eef4       0x88 common/libcommon.a(cmd_boot.o)
                0x33f8eef4                do_go
 .text          0x33f8ef7c     0x1000 common/libcommon.a(cmd_bootm.o)
                0x33f8f6c0                do_iminfo
                0x33f8f898                do_bootm
                0x33f8ef7c                do_bootd
                0x33f8f73c                gunzip
                0x33f8efa0                print_image_hdr
 .text          0x33f8ff7c      0x154 common/libcommon.a(cmd_cache.o)
                0x33f90048                do_icache
                0x33f8ffc0                do_dcache
 .text          0x33f900d0       0xd8 common/libcommon.a(cmd_console.o)
                0x33f900d0                do_coninfo
 .text          0x33f901a8      0x33c common/libcommon.a(cmd_date.o)
                0x33f903d8                do_date
                0x33f901f0                mk_date
 .text          0x33f904e4      0x394 common/libcommon.a(cmd_elf.o)
                0x33f90654                do_bootvx
                0x33f907d0                do_bootelf
                0x33f90538                load_elf_image
                0x33f904e4                valid_elf_image
 .text          0x33f90878      0xdb0 common/libcommon.a(cmd_flash.o)
                0x33f90df4                flash_sect_erase
                0x33f91260                do_protect
                0x33f90d54                do_flinfo
                0x33f90ee0                do_flerase
                0x33f91168                flash_sect_protect
 .text          0x33f91628      0x2f0 common/libcommon.a(cmd_itest.o)
                0x33f91690                binary_test
                0x33f9186c                do_itest
 .text          0x33f91918     0x2204 common/libcommon.a(cmd_jffs2.o)
                0x33f92a0c                find_dev_and_part
                0x33f9321c                do_jffs2_fsload
                0x33f92bb0                mtdparts_init
                0x33f93428                do_jffs2_fsinfo
                0x33f933a8                do_jffs2_ls
                0x33f92668                id_parse
                0x33f93580                do_jffs2_mtdparts
                0x33f934bc                do_jffs2_chpart
 .text          0x33f93b1c      0xf6c common/libcommon.a(cmd_load.o)
                0x33f93e10                send_pad
                0x33f94108                k_data_char
                0x33f94018                k_data_init
                0x33f93f38                send_nack
                0x33f943b0                do_load_serial_bin
                0x33f940a4                k_data_restore
                0x33f94040                k_data_save
                0x33f93e4c                ktrans
                0x33f93b1c                do_load_serial
                0x33f93e78                chk1
                0x33f93ed4                send_ack
                0x33f9417c                handle_send_packet
                0x33f93ea8                s1_sendpacket
 .text          0x33f94a88      0xb28 common/libcommon.a(cmd_mem.o)
                0x33f94ddc                do_mem_cmp
                0x33f94f98                do_mem_cp
                0x33f94afc                do_mem_md
                0x33f954f8                do_mem_crc
                0x33f954d0                do_mem_mm
                0x33f950cc                do_mem_base
                0x33f954a8                do_mem_nm
                0x33f94d10                do_mem_mw
                0x33f95110                do_mem_loop
                0x33f94a88                cmd_get_data_size
                0x33f95214                do_mem_mtest
 .text          0x33f955b0       0x9c common/libcommon.a(cmd_misc.o)
                0x33f955b0                do_sleep
 .text          0x33f9564c     0x1274 common/libcommon.a(cmd_nand.o)
                0x33f95888                do_nand
                0x33f9669c                do_nandboot
 .text          0x33f968c0      0x388 common/libcommon.a(cmd_net.o)
                0x33f96b8c                do_rarpb
                0x33f96ba4                do_bootp
                0x33f96bb0                do_ping
                0x33f96b98                do_tftpb
                0x33f96b80                do_nfs
 .text          0x33f96c48      0x8b8 common/libcommon.a(cmd_nvedit.o)
                0x33f97394                getenv
                0x33f9731c                setenv
                0x33f96e78                _do_setenv
                0x33f96cbc                do_printenv
                0x33f97354                do_setenv
                0x33f974d4                do_saveenv
                0x33f97410                getenv_r
 .text          0x33f97500      0x150 common/libcommon.a(cmd_usbslave.o)
                0x33f97500                do_usbslave
 .text          0x33f97650      0x5c0 common/libcommon.a(cmd_menu.o)
                0x33f976ac                param_menu_shell
                0x33f978d0                menu_shell
                0x33f977e8                main_menu_usage
                0x33f97650                param_menu_usage
                0x33f97c00                do_menu
 .text          0x33f97c10      0x308 common/libcommon.a(command.o)
                0x33f97cb0                find_cmd
                0x33f97c30                do_echo
                0x33f97c10                do_version
                0x33f97d58                do_help
 .text          0x33f97f18      0x570 common/libcommon.a(console.o)
                0x33f982ec                console_init_f
                0x33f97fc0                serial_printf
                0x33f9822c                had_ctrlc
                0x33f981bc                ctrlc
                0x33f982fc                console_init_r
                0x33f9823c                clear_ctrlc
                0x33f97ff8                fgetc
                0x33f98190                vprintf
                0x33f98048                fputc
                0x33f98214                disable_ctrlc
                0x33f98078                fputs
                0x33f980a4                fprintf
                0x33f98250                dbg
                0x33f9825c                console_assign
                0x33f980fc                tstc
                0x33f980e4                getc
                0x33f98158                printf
                0x33f9813c                puts
                0x33f98114                putc
                0x33f98020                ftstc
 .text          0x33f98488       0xf0 common/libcommon.a(devices.o)
                0x33f98488                device_register
                0x33f984ac                devices_init
                0x33f9855c                devices_done
 .text          0x33f98578     0x108c common/libcommon.a(dlmalloc.o)
                0x33f9954c                malloc_usable_size
                0x33f985ac                malloc_trim
                0x33f99478                calloc
                0x33f98edc                realloc
                0x33f98898                malloc
                0x33f98578                malloc_bin_reloc
                0x33f99344                memalign
                0x33f9958c                mallopt
                0x33f99548                cfree
                0x33f99460                pvalloc
                0x33f98684                free
                0x33f99454                valloc
 .text          0x33f99604      0x124 common/libcommon.a(env_common.o)
                0x33f99658                env_get_char_memory
                0x33f99698                env_relocate
                0x33f99678                env_get_addr
                0x33f99604                env_crc_update
 .text          0x33f99728      0x204 common/libcommon.a(env_nand.o)
                0x33f99750                saveenv
                0x33f998a4                env_relocate_spec
                0x33f99728                env_get_char_spec
                0x33f99734                env_init
 .text          0x33f9992c       0xc0 common/libcommon.a(exports.o)
                0x33f99938                jumptable_init
                0x33f99930                get_version
 .text          0x33f999ec      0x3d0 common/libcommon.a(flash.o)
                0x33f99cdc                flash_perror
                0x33f99afc                addr2info
                0x33f999ec                flash_protect
                0x33f99b44                flash_write
 .text          0x33f99dbc      0x3c8 common/libcommon.a(lists.o)
                0x33f99f14                ListSetAllocationPolicy
                0x33f99f2c                ListInsertItems
                0x33f99e1c                DisposeHandle
                0x33f99e44                SetHandleSize
                0x33f9a160                ListGetDataPtr
                0x33f9a0e8                ListGetItems
                0x33f9a16c                ListGetItemSize
                0x33f99eb4                ListCreate
                0x33f9a130                ListGetPtrToItem
                0x33f99f28                ListDispose
                0x33f9a178                ListNumItems
                0x33f9a0e0                ListInsertItem
                0x33f99e3c                GetHandleSize
                0x33f99dbc                NewHandle
 .text          0x33f9a184      0x2f8 common/libcommon.a(s_record.o)
                0x33f9a1f8                srec_decode
 .text          0x33f9a47c      0xa98 common/libcommon.a(xyzModem.o)
                0x33f9ae78                xyzModem_error
                0x33f9a4e4                parse_num
                0x33f9aaa0                xyzModem_stream_read
                0x33f9a92c                xyzModem_stream_open
                0x33f9a47c                CYGACC_COMM_IF_GETC_TIMEOUT
                0x33f9a4d8                CYGACC_COMM_IF_PUTC
                0x33f9ada0                xyzModem_stream_terminate
                0x33f9ad48                xyzModem_stream_close
 .text          0x33f9af14      0x100 common/libcommon.a(cmd_suspend.o)
                0x33f9af14                do_suspend
 .text          0x33f9b014       0x4c common/libcommon.a(crc16.o)
                0x33f9b014                cyg_crc16
 .text          0x33f9b060      0x1f0 lib_generic/libgeneric.a(crc32.o)
                0x33f9b15c                crc32_no_comp
                0x33f9b060                crc32
 .text          0x33f9b250       0xb4 lib_generic/libgeneric.a(display_options.o)
                0x33f9b270                print_size
                0x33f9b250                display_options
 .text          0x33f9b304      0x5a0 lib_generic/libgeneric.a(string.o)
                0x33f9b72c                memcpy
                0x33f9b700                bcopy
                0x33f9b524                strspn
                0x33f9b344                strcat
                0x33f9b47c                strrchr
                0x33f9b3e0                strncmp
                0x33f9b458                strlen
                0x33f9b754                memmove
                0x33f9b648                strsep
                0x33f9b370                strncat
                0x33f9b5c4                strtok
                0x33f9b320                strncpy
                0x33f9b6dc                memset
                0x33f9b7b4                memcmp
                0x33f9b4b4                strnlen
                0x33f9b874                memchr
                0x33f9b80c                strstr
                0x33f9b3b0                strcmp
                0x33f9b680                strswab
                0x33f9b584                strpbrk
                0x33f9b428                strchr
                0x33f9b7e8                memscan
                0x33f9b4ec                strdup
                0x33f9b304                strcpy
 .text          0x33f9b8a4      0x7a4 lib_generic/libgeneric.a(vsprintf.o)
                0x33f9b958                simple_strtol
                0x33f9bbf8                vsprintf
                0x33f9bfe0                sprintf
                0x33f9b8a4                simple_strtoul
                0x33f9c000                panic
 .text          0x33f9c048     0x2be8 lib_generic/libgeneric.a(zlib.o)
                0x33f9c218                inflateReset
                0x33f9c178                inflateEnd
                0x33f9c4ec                inflateInit
                0x33f9ce14                inflate
                0x33f9c544                inflateIncomp
                0x33f9c280                inflateSync
                0x33f9c38c                inflateInit2
                0x33f9eabc                adler32
 .text          0x33f9ec30      0x118 board/100ask24x0/lib100ask24x0.a(100ask24x0.o)
                0x33f9ed00                dram_init
                0x33f9ed20                board_flash_get_legacy
                0x33f9ec30                board_init
 .text          0x33f9ed48      0x168 cpu/arm920t/libarm920t.a(cpu.o)
                0x33f9ee50                icache_status
                0x33f9ee18                icache_enable
                0x33f9ee34                icache_disable
                0x33f9ee64                dcache_enable
                0x33f9edd8                cleanup_before_linux
                0x33f9ee00                do_reset
                0x33f9ed80                cpu_init
                0x33f9ee80                dcache_disable
                0x33f9ee9c                dcache_status
 *fill*         0x33f9eeb0       0x10 00
 .text          0x33f9eec0       0xa0 cpu/arm920t/libarm920t.a(suspend.o)
                0x33f9eec0                s3c2440_cpu_suspend
 .text          0x33f9ef60       0xdc cpu/arm920t/s3c24x0/libs3c24x0.a(serial.o)
                0x33f9f004                serial_tstc
                0x33f9f014                serial_puts
                0x33f9efb4                serial_init
                0x33f9efdc                serial_putc
                0x33f9efc4                serial_getc
                0x33f9ef60                serial_setbrg
 .text          0x33f9f03c      0x20c cpu/arm920t/s3c24x0/libs3c24x0.a(nand_flash.o)
                0x33f9f164                board_nand_init
 .text          0x33f9f248       0x1c lib_arm/libarm.a(_ashldi3.o)
                0x33f9f248                __ashldi3
 .text          0x33f9f264       0x1c lib_arm/libarm.a(_ashrdi3.o)
                0x33f9f264                __ashrdi3
 .text          0x33f9f280      0x140 lib_arm/libarm.a(_divsi3.o)
                0x33f9f280                __divsi3
 .text          0x33f9f3c0      0x100 lib_arm/libarm.a(_modsi3.o)
                0x33f9f3c0                __modsi3
 .text          0x33f9f4c0       0xb4 lib_arm/libarm.a(_umodsi3.o)
                0x33f9f4c0                __umodsi3
 .text          0x33f9f574      0x458 lib_arm/libarm.a(armlinux.o)
                0x33f9f6bc                do_bootm_rawLinux
                0x33f9f724                do_bootm_linux
 .text          0x33f9f9cc        0x4 lib_arm/libarm.a(cache.o)
                0x33f9f9cc                flush_cache
 .text          0x33f9f9d0      0x7fc fs/cramfs/libcramfs.a(cramfs.o)
                0x33f9ff24                cramfs_ls
                0x33fa015c                cramfs_check
                0x33f9fce0                cramfs_load
                0x33fa0094                cramfs_info
 .text          0x33fa01cc       0xdc fs/cramfs/libcramfs.a(uncompress.o)
                0x33fa0290                cramfs_uncompress_exit
                0x33fa01e4                cramfs_uncompress_block
                0x33fa0230                cramfs_uncompress_init
 .text          0x33fa02a8     0x1f90 fs/jffs2/libjffs2.a(jffs2_1pass.o)
                0x33fa0db4                jffs2_1pass_rescan_needed
                0x33fa1c94                jffs2_1pass_load
                0x33fa0b4c                mkmodestr
                0x33fa05f0                jffs2_free_cache
                0x33fa13e4                jffs2_1pass_ls
                0x33fa208c                jffs2_1pass_info
 .text          0x33fa2238       0xd0 fs/jffs2/libjffs2.a(compr_rtime.o)
                0x33fa2238                rtime_decompress
 .text          0x33fa2308      0x128 fs/jffs2/libjffs2.a(compr_rubin.o)
                0x33fa2308                rubin_do_decompress
                0x33fa23e8                dynrubin_decompress
 .text          0x33fa2430       0x18 fs/jffs2/libjffs2.a(compr_zlib.o)
                0x33fa2430                zlib_decompress
 .text          0x33fa2448      0xdd0 fs/jffs2/libjffs2.a(mini_inflate.o)
                0x33fa2928                decompress_block
                0x33fa2448                cramfs_memset
                0x33fa24c4                pull_bit
                0x33fa245c                pull_bits
 .text          0x33fa3218      0x2b8 rtc/librtc.a(date.o)
                0x33fa3218                GregorianDay
                0x33fa3430                mktime
                0x33fa3308                to_tm
 .text          0x33fa34d0      0x214 rtc/librtc.a(s3c24x0_rtc.o)
                0x33fa3608                rtc_set
                0x33fa351c                rtc_get
                0x33fa36c0                rtc_reset
 .text          0x33fa36e4      0xe8c drivers/nand/libnand.a(nand_util.o)
                0x33fa3f74                nand_read_opts
                0x33fa4440                nand_unlock
                0x33fa43b4                nand_get_lock_status
                0x33fa36ec                nand_erase_opts
                0x33fa3a5c                nand_write_opts
                0x33fa4340                nand_lock

.glue_7         0x33fa4570        0x0

.glue_7t        0x33fa4570        0x0
                0x33fa4570                . = ALIGN (0x4)

.rodata         0x33fa4570     0x1c5c
 *(.rodata)
 .rodata        0x33fa4570       0x80 cpu/arm920t/libarm920t.a(interrupts.o)
 .rodata        0x33fa45f0       0x28 lib_arm/libarm.a(board.o)
                0x33fa45f0                version_string
 .rodata        0x33fa4618        0x8 net/libnet.a(net.o)
 .rodata        0x33fa4620        0x8 drivers/libdrivers.a(cfi_flash.o)
 .rodata        0x33fa4628     0x1328 drivers/libdrivers.a(jedec_flash.o)
 .rodata        0x33fa5950        0x8 drivers/nand/libnand.a(nand.o)
 .rodata        0x33fa5958       0x14 drivers/nand/libnand.a(nand_base.o)
 .rodata        0x33fa596c      0x100 drivers/nand/libnand.a(nand_ecc.o)
 .rodata        0x33fa5a6c       0x46 drivers/usb/libusb.a(usbsetup.o)
 *fill*         0x33fa5ab2        0x2 00
 .rodata        0x33fa5ab4       0x14 common/libcommon.a(cmd_nvedit.o)
 .rodata        0x33fa5ac8      0x200 common/libcommon.a(crc16.o)
 .rodata        0x33fa5cc8      0x400 lib_generic/libgeneric.a(crc32.o)
 .rodata        0x33fa60c8       0x30 cpu/arm920t/s3c24x0/libs3c24x0.a(nand_flash.o)
 .rodata        0x33fa60f8       0xa4 fs/jffs2/libjffs2.a(jffs2_1pass.o)
 .rodata        0x33fa619c       0x30 rtc/librtc.a(date.o)

.rodata.str1.4  0x33fa61cc     0x880b
 .rodata.str1.4
                0x33fa61cc      0x293 cpu/arm920t/libarm920t.a(interrupts.o)
                                0x29c (size before relaxing)
 *fill*         0x33fa645f        0x1 00
 .rodata.str1.4
                0x33fa6460       0x36 cpu/arm920t/s3c24x0/libs3c24x0.a(interrupts.o)
                                 0x38 (size before relaxing)
 *fill*         0x33fa6496        0x2 00
 .rodata.str1.4
                0x33fa6498       0x7d lib_arm/libarm.a(board.o)
                                 0x84 (size before relaxing)
 *fill*         0x33fa6515        0x3 00
 .rodata.str1.4
                0x33fa6518      0x1ed net/libnet.a(net.o)
                                0x1f0 (size before relaxing)
 *fill*         0x33fa6705        0x3 00
 .rodata.str1.4
                0x33fa6708      0x1c7 net/libnet.a(tftp.o)
                                0x1d4 (size before relaxing)
 *fill*         0x33fa68cf        0x1 00
 .rodata.str1.4
                0x33fa68d0       0x84 net/libnet.a(bootp.o)
                                 0xb8 (size before relaxing)
 .rodata.str1.4
                0x33fa6954       0x13 net/libnet.a(rarp.o)
                                 0x4c (size before relaxing)
 *fill*         0x33fa6967        0x1 00
 .rodata.str1.4
                0x33fa6968      0x101 net/libnet.a(nfs.o)
                                0x18c (size before relaxing)
 *fill*         0x33fa6a69        0x3 00
 .rodata.str1.4
                0x33fa6a6c      0x3f3 drivers/libdrivers.a(cfi_flash.o)
                                0x3f8 (size before relaxing)
 *fill*         0x33fa6e5f        0x1 00
 .rodata.str1.4
                0x33fa6e60      0x6ad drivers/libdrivers.a(jedec_flash.o)
                                0x6d0 (size before relaxing)
 *fill*         0x33fa750d        0x3 00
 .rodata.str1.4
                0x33fa7510      0x233 drivers/libdrivers.a(dm9000x.o)
                                0x23c (size before relaxing)
 *fill*         0x33fa7743        0x1 00
 .rodata.str1.4
                0x33fa7744        0x9 drivers/nand/libnand.a(nand.o)
                                  0xc (size before relaxing)
 *fill*         0x33fa774d        0x3 00
 .rodata.str1.4
                0x33fa7750      0x316 drivers/nand/libnand.a(nand_base.o)
                                0x31c (size before relaxing)
 *fill*         0x33fa7a66        0x2 00
 .rodata.str1.4
                0x33fa7a68      0x43a drivers/nand/libnand.a(nand_ids.o)
                                0x43c (size before relaxing)
 *fill*         0x33fa7ea2        0x2 00
 .rodata.str1.4
                0x33fa7ea4      0x308 drivers/nand/libnand.a(nand_bbt.o)
 .rodata.str1.4
                0x33fa81ac       0x18 drivers/usb/libusb.a(usbout.o)
 .rodata.str1.4
                0x33fa81c4      0x12b drivers/usb/libusb.a(usbsetup.o)
                                0x138 (size before relaxing)
 *fill*         0x33fa82ef        0x1 00
 .rodata.str1.4
                0x33fa82f0      0x2dd drivers/usb/libusb.a(usbinit.o)
                                0x2e8 (size before relaxing)
 *fill*         0x33fa85cd        0x3 00
 .rodata.str1.4
                0x33fa85d0       0x12 drivers/usb/libusb.a(usbin.o)
                                 0x24 (size before relaxing)
 *fill*         0x33fa85e2        0x2 00
 .rodata.str1.4
                0x33fa85e4      0x2b0 common/libcommon.a(main.o)
                                0x2b4 (size before relaxing)
 .rodata.str1.4
                0x33fa8894       0xf6 common/libcommon.a(cmd_autoscript.o)
                                 0xf8 (size before relaxing)
 *fill*         0x33fa898a        0x2 00
 .rodata.str1.4
                0x33fa898c       0xbf common/libcommon.a(cmd_bdinfo.o)
                                 0xc0 (size before relaxing)
 *fill*         0x33fa8a4b        0x1 00
 .rodata.str1.4
                0x33fa8a4c      0x10b common/libcommon.a(cmd_boot.o)
                                0x118 (size before relaxing)
 *fill*         0x33fa8b57        0x1 00
 .rodata.str1.4
                0x33fa8b58      0x8c5 common/libcommon.a(cmd_bootm.o)
                                0x908 (size before relaxing)
 *fill*         0x33fa941d        0x3 00
 .rodata.str1.4
                0x33fa9420      0x125 common/libcommon.a(cmd_cache.o)
                                0x13c (size before relaxing)
 *fill*         0x33fa9545        0x3 00
 .rodata.str1.4
                0x33fa9548       0x70 common/libcommon.a(cmd_console.o)
                                 0x74 (size before relaxing)
 .rodata.str1.4
                0x33fa95b8      0x16c common/libcommon.a(cmd_date.o)
                                0x180 (size before relaxing)
 .rodata.str1.4
                0x33fa9724      0x2d7 common/libcommon.a(cmd_elf.o)
                                0x2f0 (size before relaxing)
 *fill*         0x33fa99fb        0x1 00
 .rodata.str1.4
                0x33fa99fc      0x884 common/libcommon.a(cmd_flash.o)
                                0x8c4 (size before relaxing)
 .rodata.str1.4
                0x33faa280       0xce common/libcommon.a(cmd_itest.o)
                                 0xdc (size before relaxing)
 *fill*         0x33faa34e        0x2 00
 .rodata.str1.4
                0x33faa350      0xfa4 common/libcommon.a(cmd_jffs2.o)
                                0xffc (size before relaxing)
 .rodata.str1.4
                0x33fab2f4      0x3fc common/libcommon.a(cmd_load.o)
                                0x41c (size before relaxing)
 .rodata.str1.4
                0x33fab6f0      0x629 common/libcommon.a(cmd_mem.o)
                                0x648 (size before relaxing)
 *fill*         0x33fabd19        0x3 00
 .rodata.str1.4
                0x33fabd1c       0x70 common/libcommon.a(cmd_misc.o)
                                 0x7c (size before relaxing)
 .rodata.str1.4
                0x33fabd8c      0xb29 common/libcommon.a(cmd_nand.o)
                                0xb70 (size before relaxing)
 *fill*         0x33fac8b5        0x3 00
 .rodata.str1.4
                0x33fac8b8      0x22a common/libcommon.a(cmd_net.o)
                                0x27c (size before relaxing)
 *fill*         0x33facae2        0x2 00
 .rodata.str1.4
                0x33facae4      0x31d common/libcommon.a(cmd_nvedit.o)
                                0x3b0 (size before relaxing)
 *fill*         0x33face01        0x3 00
 .rodata.str1.4
                0x33face04       0xa1 common/libcommon.a(cmd_usbslave.o)
                                 0xc0 (size before relaxing)
 *fill*         0x33facea5        0x3 00
 .rodata.str1.4
                0x33facea8      0x6b0 common/libcommon.a(cmd_menu.o)
                                0x6e0 (size before relaxing)
 .rodata.str1.4
                0x33fad558      0x27e common/libcommon.a(command.o)
                                0x280 (size before relaxing)
 *fill*         0x33fad7d6        0x2 00
 .rodata.str1.4
                0x33fad7d8       0x75 common/libcommon.a(console.o)
                                 0x7c (size before relaxing)
 *fill*         0x33fad84d        0x3 00
 .rodata.str1.4
                0x33fad850       0x2f common/libcommon.a(devices.o)
                                 0x48 (size before relaxing)
 *fill*         0x33fad87f        0x1 00
 .rodata.str1.4
                0x33fad880       0x33 common/libcommon.a(env_common.o)
                                 0x34 (size before relaxing)
 *fill*         0x33fad8b3        0x1 00
 .rodata.str1.4
                0x33fad8b4       0x97 common/libcommon.a(env_nand.o)
                                 0xa0 (size before relaxing)
 *fill*         0x33fad94b        0x1 00
 .rodata.str1.4
                0x33fad94c      0x11d common/libcommon.a(flash.o)
                                0x120 (size before relaxing)
 *fill*         0x33fada69        0x3 00
 .rodata.str1.4
                0x33fada6c       0xf2 common/libcommon.a(xyzModem.o)
                                 0xf8 (size before relaxing)
 *fill*         0x33fadb5e        0x2 00
 .rodata.str1.4
                0x33fadb60       0x55 common/libcommon.a(cmd_suspend.o)
                                 0x58 (size before relaxing)
 *fill*         0x33fadbb5        0x3 00
 .rodata.str1.4
                0x33fadbb8       0x17 lib_generic/libgeneric.a(display_options.o)
                                 0x20 (size before relaxing)
 *fill*         0x33fadbcf        0x1 00
 .rodata.str1.4
                0x33fadbd0       0x57 lib_generic/libgeneric.a(vsprintf.o)
                                 0x58 (size before relaxing)
 *fill*         0x33fadc27        0x1 00
 .rodata.str1.4
                0x33fadc28      0x20d lib_generic/libgeneric.a(zlib.o)
                                0x214 (size before relaxing)
 *fill*         0x33fade35        0x3 00
 .rodata.str1.4
                0x33fade38       0x14 cpu/arm920t/s3c24x0/libs3c24x0.a(nand_flash.o)
 .rodata.str1.4
                0x33fade4c       0x5c lib_arm/libarm.a(armlinux.o)
                                 0xc4 (size before relaxing)
 .rodata.str1.4
                0x33fadea8      0x1ac fs/cramfs/libcramfs.a(cramfs.o)
                                0x1b4 (size before relaxing)
 .rodata.str1.4
                0x33fae054      0x42b fs/jffs2/libjffs2.a(jffs2_1pass.o)
                                0x450 (size before relaxing)
 *fill*         0x33fae47f        0x1 00
 .rodata.str1.4
                0x33fae480      0x557 drivers/nand/libnand.a(nand_util.o)
                                0x55c (size before relaxing)
                0x33fae9d8                . = ALIGN (0x4)

.data           0x33fae9d8     0x1574
 *(.data)
 .data          0x33fae9d8       0x2c lib_arm/libarm.a(board.o)
                0x33fae9d8                init_sequence
 .data          0x33faea04        0xa net/libnet.a(net.o)
                0x33faea06                NetOurVLAN
                0x33faea04                NetOurNativeVLAN
                0x33faea08                NetBcastAddr
 *fill*         0x33faea0e        0x2 00
 .data          0x33faea10        0x4 net/libnet.a(nfs.o)
 .data          0x33faea14        0x8 drivers/libdrivers.a(cfi_flash.o)
 .data          0x33faea1c        0x4 drivers/libdrivers.a(dm9000x.o)
 .data          0x33faea20        0x4 drivers/nand/libnand.a(nand.o)
                0x33faea20                nand_curr_device
 .data          0x33faea24      0x298 drivers/nand/libnand.a(nand_base.o)
 .data          0x33faecbc      0x548 drivers/nand/libnand.a(nand_ids.o)
                0x33faecbc                nand_manuf_ids
                0x33faecf4                nand_flash_ids
 .data          0x33faf204      0x110 drivers/nand/libnand.a(nand_bbt.o)
 .data          0x33faf314        0x2 drivers/usb/libusb.a(usbsetup.o)
                0x33faf314                Selfpwr
                0x33faf315                Configuration
 *fill*         0x33faf316        0x2 00
 .data          0x33faf318       0x10 common/libcommon.a(main.o)
 .data          0x33faf328        0x4 common/libcommon.a(cmd_bootm.o)
                0x33faf328                load_addr
 .data          0x33faf32c       0x1c common/libcommon.a(cmd_date.o)
                0x33faf32c                weekdays
 .data          0x33faf348       0x68 common/libcommon.a(cmd_itest.o)
                0x33faf348                op_table
 .data          0x33faf3b0        0x4 common/libcommon.a(cmd_load.o)
 .data          0x33faf3b4        0x4 common/libcommon.a(cmd_mem.o)
                0x33faf3b4                dp_last_length
 .data          0x33faf3b8        0x4 common/libcommon.a(cmd_usbslave.o)
                0x33faf3b8                g_bUSBWait
 .data          0x33faf3bc        0xc common/libcommon.a(devices.o)
                0x33faf3bc                stdio_names
 .data          0x33faf3c8      0x414 common/libcommon.a(dlmalloc.o)
 .data          0x33faf7dc      0x108 common/libcommon.a(env_common.o)
                0x33faf7e0                default_environment
                0x33faf8e0                env_get_char
                0x33faf7dc                default_environment_size
 .data          0x33faf8e4        0x4 common/libcommon.a(env_nand.o)
                0x33faf8e4                env_name_spec
 .data          0x33faf8e8      0x100 lib_generic/libgeneric.a(ctype.o)
                0x33faf8e8                _ctype
 .data          0x33faf9e8      0x2a0 lib_generic/libgeneric.a(zlib.o)
                0x33faf9e8                z_errmsg
                0x33fafa08                zlib_version
 .data          0x33fafc88       0x28 fs/jffs2/libjffs2.a(jffs2_1pass.o)
 .data          0x33fafcb0       0x13 fs/jffs2/libjffs2.a(mini_inflate.o)
 *fill*         0x33fafcc3        0x1 00
 .data          0x33fafcc4       0x30 rtc/librtc.a(date.o)
 .data          0x33fafcf4      0x258 drivers/nand/libnand.a(nand_util.o)
                0x33faff4c                . = ALIGN (0x4)

.got
 *(.got)
                0x33faff4c                . = .
                0x33faff4c                __u_boot_cmd_start = .

.u_boot_cmd     0x33faff4c      0x558
 *(.u_boot_cmd)
 .u_boot_cmd    0x33faff4c       0x18 common/libcommon.a(cmd_autoscript.o)
                0x33faff4c                __u_boot_cmd_autoscr
 .u_boot_cmd    0x33faff64       0x18 common/libcommon.a(cmd_bdinfo.o)
                0x33faff64                __u_boot_cmd_bdinfo
 .u_boot_cmd    0x33faff7c       0x30 common/libcommon.a(cmd_boot.o)
                0x33faff7c                __u_boot_cmd_reset
                0x33faff94                __u_boot_cmd_go
 .u_boot_cmd    0x33faffac       0x78 common/libcommon.a(cmd_bootm.o)
                0x33fb000c                __u_boot_cmd_bootm
                0x33faffc4                __u_boot_cmd_iminfo
                0x33faffac                __u_boot_cmd_imls
                0x33faffdc                __u_boot_cmd_bootd
                0x33fafff4                __u_boot_cmd_boot
 .u_boot_cmd    0x33fb0024       0x30 common/libcommon.a(cmd_cache.o)
                0x33fb0024                __u_boot_cmd_dcache
                0x33fb003c                __u_boot_cmd_icache
 .u_boot_cmd    0x33fb0054       0x18 common/libcommon.a(cmd_console.o)
                0x33fb0054                __u_boot_cmd_coninfo
 .u_boot_cmd    0x33fb006c       0x18 common/libcommon.a(cmd_date.o)
                0x33fb006c                __u_boot_cmd_date
 .u_boot_cmd    0x33fb0084       0x30 common/libcommon.a(cmd_elf.o)
                0x33fb009c                __u_boot_cmd_bootelf
                0x33fb0084                __u_boot_cmd_bootvx
 .u_boot_cmd    0x33fb00b4       0x48 common/libcommon.a(cmd_flash.o)
                0x33fb00e4                __u_boot_cmd_flinfo
                0x33fb00b4                __u_boot_cmd_protect
                0x33fb00cc                __u_boot_cmd_erase
 .u_boot_cmd    0x33fb00fc       0x18 common/libcommon.a(cmd_itest.o)
                0x33fb00fc                __u_boot_cmd_itest
 .u_boot_cmd    0x33fb0114       0x78 common/libcommon.a(cmd_jffs2.o)
                0x33fb0144                __u_boot_cmd_fsinfo
                0x33fb012c                __u_boot_cmd_chpart
                0x33fb0114                __u_boot_cmd_mtdparts
                0x33fb015c                __u_boot_cmd_ls
                0x33fb0174                __u_boot_cmd_fsload
 .u_boot_cmd    0x33fb018c       0x60 common/libcommon.a(cmd_load.o)
                0x33fb018c                __u_boot_cmd_loady
                0x33fb01a4                __u_boot_cmd_loadx
                0x33fb01d4                __u_boot_cmd_loads
                0x33fb01bc                __u_boot_cmd_loadb
 .u_boot_cmd    0x33fb01ec       0xf0 common/libcommon.a(cmd_mem.o)
                0x33fb02ac                __u_boot_cmd_mm
                0x33fb0264                __u_boot_cmd_cp
                0x33fb0204                __u_boot_cmd_loop
                0x33fb021c                __u_boot_cmd_base
                0x33fb027c                __u_boot_cmd_mw
                0x33fb024c                __u_boot_cmd_cmp
                0x33fb0294                __u_boot_cmd_nm
                0x33fb01ec                __u_boot_cmd_mtest
                0x33fb0234                __u_boot_cmd_crc32
                0x33fb02c4                __u_boot_cmd_md
 .u_boot_cmd    0x33fb02dc       0x18 common/libcommon.a(cmd_misc.o)
                0x33fb02dc                __u_boot_cmd_sleep
 .u_boot_cmd    0x33fb02f4       0x30 common/libcommon.a(cmd_nand.o)
                0x33fb030c                __u_boot_cmd_nand
                0x33fb02f4                __u_boot_cmd_nboot
 .u_boot_cmd    0x33fb0324       0x78 common/libcommon.a(cmd_net.o)
                0x33fb0324                __u_boot_cmd_ping
                0x33fb033c                __u_boot_cmd_nfs
                0x33fb0354                __u_boot_cmd_rarpboot
                0x33fb0384                __u_boot_cmd_bootp
                0x33fb036c                __u_boot_cmd_tftpboot
 .u_boot_cmd    0x33fb039c       0x60 common/libcommon.a(cmd_nvedit.o)
                0x33fb03cc                __u_boot_cmd_setenv
                0x33fb03e4                __u_boot_cmd_printenv
                0x33fb03b4                __u_boot_cmd_saveenv
                0x33fb039c                __u_boot_cmd_run
 .u_boot_cmd    0x33fb03fc       0x18 common/libcommon.a(cmd_usbslave.o)
                0x33fb03fc                __u_boot_cmd_usbslave
 .u_boot_cmd    0x33fb0414       0x18 common/libcommon.a(cmd_menu.o)
                0x33fb0414                __u_boot_cmd_menu
 .u_boot_cmd    0x33fb042c       0x60 common/libcommon.a(command.o)
                0x33fb0474                __u_boot_cmd_version
                0x33fb045c                __u_boot_cmd_echo
                0x33fb0444                __u_boot_cmd_help
                0x33fb042c                __u_boot_cmd_question_mark
 .u_boot_cmd    0x33fb048c       0x18 common/libcommon.a(cmd_suspend.o)
                0x33fb048c                __u_boot_cmd_suspend
                0x33fb04a4                __u_boot_cmd_end = .
                0x33fb04a4                . = ALIGN (0x4)
                0x33fb04a4                __bss_start = .

.bss            0x33fb04a4     0x7258
 *(.bss)
 .bss           0x33fb04a4       0xe0 cpu/arm920t/s3c24x0/libs3c24x0.a(interrupts.o)
                0x33fb04a8                isr_handle_array
                0x33fb0570                intregs
                0x33fb0574                g_TimerIntHappen
                0x33fb04a4                timer_load_val
 .bss           0x33fb0584       0x10 lib_arm/libarm.a(board.o)
                0x33fb0584                monitor_flash_len
 .bss           0x33fb0594     0x25d0 net/libnet.a(net.o)
                0x33fb06ec                PktBuf
                0x33fb0628                NetOurDNSIP
                0x33fb0648                NetRxPackets
                0x33fb05e6                NetOurHostName
                0x33fb0640                NetOurIP
                0x33fb062c                NetOurGatewayIP
                0x33fb0668                BootFile
                0x33fb0594                NetTxPacket
                0x33fb2520                NetArpWaitPacketBuf
                0x33fb0606                NetOurNISDomain
                0x33fb05a6                NetOurRootPath
                0x33fb059e                NetServerEther
                0x33fb0664                NetState
                0x33fb0630                NetOurSubnetMask
                0x33fb250c                NetArpWaitPacketIP
                0x33fb2b40                NetArpWaitTimerStart
                0x33fb0644                NetServerIP
                0x33fb0598                NetEtherNullAddr
                0x33fb2510                NetArpWaitReplyIP
                0x33fb2514                NetArpWaitPacketMAC
                0x33fb0638                NetOurEther
                0x33fb0660                NetIPID
                0x33fb251c                NetArpWaitTxPacketSize
                0x33fb2518                NetArpWaitTxPacket
                0x33fb05a4                NetBootFileSize
                0x33fb2b44                NetArpWaitTry
                0x33fb06e8                NetPingIP
                0x33fb065c                NetRxPktLen
                0x33fb0634                NetBootFileXferSize
                0x33fb0658                NetRxPkt
 .bss           0x33fb2b64       0x34 net/libnet.a(tftp.o)
 .bss           0x33fb2b98        0x8 net/libnet.a(bootp.o)
                0x33fb2b9c                BootpTry
                0x33fb2b98                BootpID
 .bss           0x33fb2ba0        0x4 net/libnet.a(rarp.o)
                0x33fb2ba0                RarpTry
 .bss           0x33fb2ba4      0x8b0 net/libnet.a(nfs.o)
 .bss           0x33fb3454      0xa3c drivers/libdrivers.a(cfi_flash.o)
                0x33fb3454                flash_info
 .bss           0x33fb3e90       0xb0 drivers/libdrivers.a(dm9000x.o)
 .bss           0x33fb3f40      0x208 drivers/nand/libnand.a(nand.o)
                0x33fb3f40                nand_info
 .bss           0x33fb4148     0x1008 drivers/usb/libusb.a(usbmain.o)
                0x33fb4148                dbgStrWrPt
                0x33fb414c                dbgStrRdPt
                0x33fb4150                dbgStrFifo
 .bss           0x33fb5150       0x61 drivers/usb/libusb.a(usbout.o)
                0x33fb5150                ep3Buf
 *fill*         0x33fb51b1        0x3 00
 .bss           0x33fb51b4       0x68 drivers/usb/libusb.a(usbsetup.o)
                0x33fb51e0                descConf
                0x33fb51c4                descSetup
                0x33fb51b8                ep0SubState
                0x33fb51c2                endpoint3_status
                0x33fb51f8                descEndpt0
                0x33fb51bd                AlterSetting
                0x33fb520c                InterfaceGet
                0x33fb51bf                interface_status
                0x33fb51ec                descIf
                0x33fb51cc                descDev
                0x33fb51c1                endpoint1_status
                0x33fb51b4                ep0State
                0x33fb51bc                Rwuen
                0x33fb5210                StatusGet
                0x33fb51be                device_status
                0x33fb51c0                endpoint0_status
                0x33fb5200                descEndpt1
                0x33fb5208                ConfigSet
 .bss           0x33fb521c       0x5c drivers/usb/libusb.a(usbinit.o)
                0x33fb5244                downPt
                0x33fb523c                downloadAddress
                0x33fb522c                usbdevregs
                0x33fb5250                totalDmaCount
                0x33fb5220                download_run
                0x33fb5258                tempDownloadAddress
                0x33fb5228                restart
                0x33fb5238                gpioregs
                0x33fb5274                consoleNum
                0x33fb5230                dmaregs
                0x33fb5254                isUsbdSetConfiguration
                0x33fb5224                err
                0x33fb524c                checkSum
                0x33fb5248                downloadFileSize
                0x33fb5240                run
                0x33fb5270                dwUSBBufSize
                0x33fb5260                dwUSBBufWritePtr
                0x33fb5234                clk_powerregs
                0x33fb5264                dwWillDMACnt
                0x33fb525c                dwUSBBufReadPtr
                0x33fb526c                dwUSBBufBase
                0x33fb5268                bDMAPending
                0x33fb521c                menuUsed
 .bss           0x33fb5278       0x24 drivers/usb/libusb.a(usbin.o)
                0x33fb5278                transferIndex
                0x33fb527c                ep1Buf
 .bss           0x33fb529c      0x200 common/libcommon.a(main.o)
                0x33fb529c                console_buffer
 .bss           0x33fb549c       0x40 common/libcommon.a(cmd_bootm.o)
                0x33fb549c                header
 .bss           0x33fb54dc      0x2ac common/libcommon.a(cmd_jffs2.o)
                0x33fb54dc                mtdids
                0x33fb54e4                devices
 .bss           0x33fb5788       0x88 common/libcommon.a(cmd_load.o)
                0x33fb57ac                his_eol
                0x33fb57b8                os_data_init
                0x33fb5788                os_data_count
                0x33fb57b4                his_pad_char
                0x33fb57d4                send_ptr
                0x33fb57b5                his_quote
                0x33fb57c0                send_parms
                0x33fb57bc                os_data_char
                0x33fb57b0                his_pad_count
                0x33fb578c                os_data_header
 .bss           0x33fb5810       0x14 common/libcommon.a(cmd_mem.o)
                0x33fb5814                dp_last_size
                0x33fb581c                mm_last_size
                0x33fb5818                mm_last_addr
                0x33fb5810                dp_last_addr
 .bss           0x33fb5824        0x4 common/libcommon.a(cmd_usbslave.o)
                0x33fb5824                g_dwDownloadLen
 .bss           0x33fb5828        0x8 common/libcommon.a(console.o)
 .bss           0x33fb5830       0x10 common/libcommon.a(devices.o)
                0x33fb5830                stdio_devices
                0x33fb583c                devlist
 .bss           0x33fb5840       0x3c common/libcommon.a(dlmalloc.o)
 .bss           0x33fb587c        0x4 common/libcommon.a(env_nand.o)
                0x33fb587c                env_ptr
 .bss           0x33fb5880      0x43c common/libcommon.a(xyzModem.o)
 .bss           0x33fb5cbc        0x4 lib_generic/libgeneric.a(string.o)
                0x33fb5cbc                ___strtok
 .bss           0x33fb5cc0     0x10a8 lib_generic/libgeneric.a(zlib.o)
 .bss           0x33fb6d68        0x4 lib_arm/libarm.a(armlinux.o)
 .bss           0x33fb6d6c       0x4c fs/cramfs/libcramfs.a(cramfs.o)
                0x33fb6d6c                super
 .bss           0x33fb6db8       0x34 fs/cramfs/libcramfs.a(uncompress.o)
 .bss           0x33fb6dec        0x8 fs/jffs2/libjffs2.a(jffs2_1pass.o)
 .bss           0x33fb6df4      0x908 drivers/nand/libnand.a(nand_util.o)
                0x33fb76fc                _end = .
Address of section .text set to 0x33f80000
LOAD cpu/arm920t/start.o
START GROUP
LOAD lib_generic/libgeneric.a
LOAD board/100ask24x0/lib100ask24x0.a
LOAD cpu/arm920t/libarm920t.a
LOAD cpu/arm920t/s3c24x0/libs3c24x0.a
LOAD lib_arm/libarm.a
LOAD fs/cramfs/libcramfs.a
LOAD fs/fat/libfat.a
LOAD fs/fdos/libfdos.a
LOAD fs/jffs2/libjffs2.a
LOAD fs/reiserfs/libreiserfs.a
LOAD fs/ext2/libext2fs.a
LOAD net/libnet.a
LOAD disk/libdisk.a
LOAD rtc/librtc.a
LOAD dtt/libdtt.a
LOAD drivers/libdrivers.a
LOAD drivers/nand/libnand.a
LOAD drivers/nand_legacy/libnand_legacy.a
LOAD drivers/usb/libusb.a
LOAD drivers/sk98lin/libsk98lin.a
LOAD common/libcommon.a
END GROUP
OUTPUT(u-boot elf32-littlearm)

.debug_line     0x00000000     0xace4
 .debug_line    0x00000000       0xfd cpu/arm920t/start.o
 .debug_line    0x000000fd      0x1a0 board/100ask24x0/boot_init.o
 .debug_line    0x0000029d       0x46 board/100ask24x0/lib100ask24x0.a(lowlevel_init.o)
 .debug_line    0x000002e3       0xc2 cpu/arm920t/libarm920t.a(interrupts.o)
 .debug_line    0x000003a5      0x1ba cpu/arm920t/s3c24x0/libs3c24x0.a(interrupts.o)
 .debug_line    0x0000055f      0x184 cpu/arm920t/s3c24x0/libs3c24x0.a(speed.o)
 .debug_line    0x000006e3       0x5c lib_arm/libarm.a(_udivsi3.o)
 .debug_line    0x0000073f      0x1b5 lib_arm/libarm.a(board.o)
 .debug_line    0x000008f4       0x33 lib_arm/libarm.a(div0.o)
 .debug_line    0x00000927      0x6df net/libnet.a(net.o)
 .debug_line    0x00001006      0x28e net/libnet.a(tftp.o)
 .debug_line    0x00001294      0x2d1 net/libnet.a(bootp.o)
 .debug_line    0x00001565       0xf8 net/libnet.a(rarp.o)
 .debug_line    0x0000165d       0xb9 net/libnet.a(eth.o)
 .debug_line    0x00001716      0x4aa net/libnet.a(nfs.o)
 .debug_line    0x00001bc0      0x6d2 drivers/libdrivers.a(cfi_flash.o)
 .debug_line    0x00002292      0x177 drivers/libdrivers.a(jedec_flash.o)
 .debug_line    0x00002409      0x2b6 drivers/libdrivers.a(dm9000x.o)
 .debug_line    0x000026bf      0x182 drivers/nand/libnand.a(nand.o)
 .debug_line    0x00002841      0x851 drivers/nand/libnand.a(nand_base.o)
 .debug_line    0x00003092       0x6e drivers/nand/libnand.a(nand_ids.o)
 .debug_line    0x00003100      0x1be drivers/nand/libnand.a(nand_ecc.o)
 .debug_line    0x000032be      0x47b drivers/nand/libnand.a(nand_bbt.o)
 .debug_line    0x00003739       0xa2 drivers/usb/libusb.a(usbmain.o)
 .debug_line    0x000037db       0xfb drivers/usb/libusb.a(usbout.o)
 .debug_line    0x000038d6      0x1fa drivers/usb/libusb.a(usbsetup.o)
 .debug_line    0x00003ad0      0x248 drivers/usb/libusb.a(usbinit.o)
 .debug_line    0x00003d18       0x91 drivers/usb/libusb.a(usbin.o)
 .debug_line    0x00003da9       0xf3 drivers/usb/libusb.a(usblib.o)
 .debug_line    0x00003e9c      0x2a8 common/libcommon.a(main.o)
 .debug_line    0x00004144      0x1fe common/libcommon.a(cmd_autoscript.o)
 .debug_line    0x00004342      0x125 common/libcommon.a(cmd_bdinfo.o)
 .debug_line    0x00004467       0xd3 common/libcommon.a(cmd_boot.o)
 .debug_line    0x0000453a      0x4fd common/libcommon.a(cmd_bootm.o)
 .debug_line    0x00004a37       0xab common/libcommon.a(cmd_cache.o)
 .debug_line    0x00004ae2       0xa6 common/libcommon.a(cmd_console.o)
 .debug_line    0x00004b88      0x166 common/libcommon.a(cmd_date.o)
 .debug_line    0x00004cee      0x1ae common/libcommon.a(cmd_elf.o)
 .debug_line    0x00004e9c      0x30f common/libcommon.a(cmd_flash.o)
 .debug_line    0x000051ab      0x118 common/libcommon.a(cmd_itest.o)
 .debug_line    0x000052c3      0x94f common/libcommon.a(cmd_jffs2.o)
 .debug_line    0x00005c12      0x3e4 common/libcommon.a(cmd_load.o)
 .debug_line    0x00005ff6      0x29c common/libcommon.a(cmd_mem.o)
 .debug_line    0x00006292       0xcc common/libcommon.a(cmd_misc.o)
 .debug_line    0x0000635e      0x44c common/libcommon.a(cmd_nand.o)
 .debug_line    0x000067aa      0x13b common/libcommon.a(cmd_net.o)
 .debug_line    0x000068e5      0x2ab common/libcommon.a(cmd_nvedit.o)
 .debug_line    0x00006b90      0x157 common/libcommon.a(cmd_usbslave.o)
 .debug_line    0x00006ce7      0x205 common/libcommon.a(cmd_menu.o)
 .debug_line    0x00006eec      0x110 common/libcommon.a(command.o)
 .debug_line    0x00006ffc      0x258 common/libcommon.a(console.o)
 .debug_line    0x00007254      0x14a common/libcommon.a(devices.o)
 .debug_line    0x0000739e      0x3a0 common/libcommon.a(dlmalloc.o)
 .debug_line    0x0000773e      0x149 common/libcommon.a(env_common.o)
 .debug_line    0x00007887      0x222 common/libcommon.a(env_nand.o)
 .debug_line    0x00007aa9       0xd9 common/libcommon.a(exports.o)
 .debug_line    0x00007b82      0x147 common/libcommon.a(flash.o)
 .debug_line    0x00007cc9      0x104 common/libcommon.a(lists.o)
 .debug_line    0x00007dcd      0x106 common/libcommon.a(s_record.o)
 .debug_line    0x00007ed3      0x227 common/libcommon.a(xyzModem.o)
 .debug_line    0x000080fa       0x97 common/libcommon.a(cmd_suspend.o)
 .debug_line    0x00008191       0xc1 common/libcommon.a(crc16.o)
 .debug_line    0x00008252       0x97 lib_generic/libgeneric.a(crc32.o)
 .debug_line    0x000082e9       0x25 lib_generic/libgeneric.a(ctype.o)
 .debug_line    0x0000830e       0x9e lib_generic/libgeneric.a(display_options.o)
 .debug_line    0x000083ac      0x1b8 lib_generic/libgeneric.a(string.o)
 .debug_line    0x00008564      0x1d9 lib_generic/libgeneric.a(vsprintf.o)
 .debug_line    0x0000873d      0x5d2 lib_generic/libgeneric.a(zlib.o)
 .debug_line    0x00008d0f      0x16d board/100ask24x0/lib100ask24x0.a(100ask24x0.o)
 .debug_line    0x00008e7c      0x14e cpu/arm920t/libarm920t.a(cpu.o)
 .debug_line    0x00008fca       0x50 cpu/arm920t/libarm920t.a(suspend.o)
 .debug_line    0x0000901a      0x15a cpu/arm920t/s3c24x0/libs3c24x0.a(serial.o)
 .debug_line    0x00009174      0x1fe cpu/arm920t/s3c24x0/libs3c24x0.a(nand_flash.o)
 .debug_line    0x00009372       0x3d lib_arm/libarm.a(_ashldi3.o)
 .debug_line    0x000093af       0x3d lib_arm/libarm.a(_ashrdi3.o)
 .debug_line    0x000093ec       0x63 lib_arm/libarm.a(_divsi3.o)
 .debug_line    0x0000944f       0x51 lib_arm/libarm.a(_modsi3.o)
 .debug_line    0x000094a0       0x63 lib_arm/libarm.a(_umodsi3.o)
 .debug_line    0x00009503      0x254 lib_arm/libarm.a(armlinux.o)
 .debug_line    0x00009757       0x34 lib_arm/libarm.a(cache.o)
 .debug_line    0x0000978b      0x274 fs/cramfs/libcramfs.a(cramfs.o)
 .debug_line    0x000099ff       0xa1 fs/cramfs/libcramfs.a(uncompress.o)
 .debug_line    0x00009aa0      0x6e9 fs/jffs2/libjffs2.a(jffs2_1pass.o)
 .debug_line    0x0000a189       0x9c fs/jffs2/libjffs2.a(compr_rtime.o)
 .debug_line    0x0000a225       0xc7 fs/jffs2/libjffs2.a(compr_rubin.o)
 .debug_line    0x0000a2ec       0x7b fs/jffs2/libjffs2.a(compr_zlib.o)
 .debug_line    0x0000a367      0x3c0 fs/jffs2/libjffs2.a(mini_inflate.o)
 .debug_line    0x0000a727       0xc3 rtc/librtc.a(date.o)
 .debug_line    0x0000a7ea      0x134 rtc/librtc.a(s3c24x0_rtc.o)
 .debug_line    0x0000a91e      0x3c6 drivers/nand/libnand.a(nand_util.o)

.debug_info     0x00000000    0x2aca0
 .debug_info    0x00000000       0x64 cpu/arm920t/start.o
 .debug_info    0x00000064      0x92b board/100ask24x0/boot_init.o
 .debug_info    0x0000098f       0x71 board/100ask24x0/lib100ask24x0.a(lowlevel_init.o)
 .debug_info    0x00000a00      0x273 cpu/arm920t/libarm920t.a(interrupts.o)
 .debug_info    0x00000c73      0x9be cpu/arm920t/s3c24x0/libs3c24x0.a(interrupts.o)
 .debug_info    0x00001631      0x3ec cpu/arm920t/s3c24x0/libs3c24x0.a(speed.o)
 .debug_info    0x00001a1d       0x63 lib_arm/libarm.a(_udivsi3.o)
 .debug_info    0x00001a80      0x50f lib_arm/libarm.a(board.o)
 .debug_info    0x00001f8f       0x44 lib_arm/libarm.a(div0.o)
 .debug_info    0x00001fd3     0x168e net/libnet.a(net.o)
 .debug_info    0x00003661      0x41a net/libnet.a(tftp.o)
 .debug_info    0x00003a7b      0x8c2 net/libnet.a(bootp.o)
 .debug_info    0x0000433d      0x245 net/libnet.a(rarp.o)
 .debug_info    0x00004582      0x17d net/libnet.a(eth.o)
 .debug_info    0x000046ff      0xe3a net/libnet.a(nfs.o)
 .debug_info    0x00005539     0x1b96 drivers/libdrivers.a(cfi_flash.o)
 .debug_info    0x000070cf      0x590 drivers/libdrivers.a(jedec_flash.o)
 .debug_info    0x0000765f      0xa2c drivers/libdrivers.a(dm9000x.o)
 .debug_info    0x0000808b      0xc63 drivers/nand/libnand.a(nand.o)
 .debug_info    0x00008cee     0x2342 drivers/nand/libnand.a(nand_base.o)
 .debug_info    0x0000b030      0x156 drivers/nand/libnand.a(nand_ids.o)
 .debug_info    0x0000b186      0x7e4 drivers/nand/libnand.a(nand_ecc.o)
 .debug_info    0x0000b96a     0x1794 drivers/nand/libnand.a(nand_bbt.o)
 .debug_info    0x0000d0fe      0x611 drivers/usb/libusb.a(usbmain.o)
 .debug_info    0x0000d70f      0x769 drivers/usb/libusb.a(usbout.o)
 .debug_info    0x0000de78      0xb09 drivers/usb/libusb.a(usbsetup.o)
 .debug_info    0x0000e981      0xe70 drivers/usb/libusb.a(usbinit.o)
 .debug_info    0x0000f7f1      0x5e2 drivers/usb/libusb.a(usbin.o)
 .debug_info    0x0000fdd3      0x882 drivers/usb/libusb.a(usblib.o)
 .debug_info    0x00010655      0x7eb common/libcommon.a(main.o)
 .debug_info    0x00010e40      0x3fc common/libcommon.a(cmd_autoscript.o)
 .debug_info    0x0001123c      0x368 common/libcommon.a(cmd_bdinfo.o)
 .debug_info    0x000115a4      0x1c8 common/libcommon.a(cmd_boot.o)
 .debug_info    0x0001176c     0x1490 common/libcommon.a(cmd_bootm.o)
 .debug_info    0x00012bfc      0x218 common/libcommon.a(cmd_cache.o)
 .debug_info    0x00012e14      0x37d common/libcommon.a(cmd_console.o)
 .debug_info    0x00013191      0x4fb common/libcommon.a(cmd_date.o)
 .debug_info    0x0001368c      0x506 common/libcommon.a(cmd_elf.o)
 .debug_info    0x00013b92      0xae7 common/libcommon.a(cmd_flash.o)
 .debug_info    0x00014679      0x42a common/libcommon.a(cmd_itest.o)
 .debug_info    0x00014aa3     0x213c common/libcommon.a(cmd_jffs2.o)
 .debug_info    0x00016bdf      0xe3d common/libcommon.a(cmd_load.o)
 .debug_info    0x00017a1c      0xa16 common/libcommon.a(cmd_mem.o)
 .debug_info    0x00018432      0x1aa common/libcommon.a(cmd_misc.o)
 .debug_info    0x000185dc     0x1861 common/libcommon.a(cmd_nand.o)
 .debug_info    0x00019e3d      0x533 common/libcommon.a(cmd_net.o)
 .debug_info    0x0001a370      0x827 common/libcommon.a(cmd_nvedit.o)
 .debug_info    0x0001ab97      0x254 common/libcommon.a(cmd_usbslave.o)
 .debug_info    0x0001adeb      0x954 common/libcommon.a(cmd_menu.o)
 .debug_info    0x0001b73f      0x3f4 common/libcommon.a(command.o)
 .debug_info    0x0001bb33      0x855 common/libcommon.a(console.o)
 .debug_info    0x0001c388      0x485 common/libcommon.a(devices.o)
 .debug_info    0x0001c80d      0xb59 common/libcommon.a(dlmalloc.o)
 .debug_info    0x0001d366      0x378 common/libcommon.a(env_common.o)
 .debug_info    0x0001d6de      0xa33 common/libcommon.a(env_nand.o)
 .debug_info    0x0001e111      0x255 common/libcommon.a(exports.o)
 .debug_info    0x0001e366      0x420 common/libcommon.a(flash.o)
 .debug_info    0x0001e786      0x4df common/libcommon.a(lists.o)
 .debug_info    0x0001ec65      0x17a common/libcommon.a(s_record.o)
 .debug_info    0x0001eddf      0x625 common/libcommon.a(xyzModem.o)
 .debug_info    0x0001f404      0x1b7 common/libcommon.a(cmd_suspend.o)
 .debug_info    0x0001f5bb      0x10f common/libcommon.a(crc16.o)
 .debug_info    0x0001f6ca      0x16d lib_generic/libgeneric.a(crc32.o)
 .debug_info    0x0001f837       0x56 lib_generic/libgeneric.a(ctype.o)
 .debug_info    0x0001f88d      0x11c lib_generic/libgeneric.a(display_options.o)
 .debug_info    0x0001f9a9      0x828 lib_generic/libgeneric.a(string.o)
 .debug_info    0x000201d1      0x401 lib_generic/libgeneric.a(vsprintf.o)
 .debug_info    0x000205d2     0x16ca lib_generic/libgeneric.a(zlib.o)
 .debug_info    0x00021c9c      0x853 board/100ask24x0/lib100ask24x0.a(100ask24x0.o)
 .debug_info    0x000224ef      0x4b5 cpu/arm920t/libarm920t.a(cpu.o)
 .debug_info    0x000229a4       0x66 cpu/arm920t/libarm920t.a(suspend.o)
 .debug_info    0x00022a0a      0x47f cpu/arm920t/s3c24x0/libs3c24x0.a(serial.o)
 .debug_info    0x00022e89     0x10b1 cpu/arm920t/s3c24x0/libs3c24x0.a(nand_flash.o)
 .debug_info    0x00023f3a       0x63 lib_arm/libarm.a(_ashldi3.o)
 .debug_info    0x00023f9d       0x63 lib_arm/libarm.a(_ashrdi3.o)
 .debug_info    0x00024000       0x62 lib_arm/libarm.a(_divsi3.o)
 .debug_info    0x00024062       0x62 lib_arm/libarm.a(_modsi3.o)
 .debug_info    0x000240c4       0x63 lib_arm/libarm.a(_umodsi3.o)
 .debug_info    0x00024127      0xad7 lib_arm/libarm.a(armlinux.o)
 .debug_info    0x00024bfe       0xa8 lib_arm/libarm.a(cache.o)
 .debug_info    0x00024ca6      0x89c fs/cramfs/libcramfs.a(cramfs.o)
 .debug_info    0x00025542      0x35c fs/cramfs/libcramfs.a(uncompress.o)
 .debug_info    0x0002589e     0x2730 fs/jffs2/libjffs2.a(jffs2_1pass.o)
 .debug_info    0x00027fce      0x140 fs/jffs2/libjffs2.a(compr_rtime.o)
 .debug_info    0x0002810e      0x1e8 fs/jffs2/libjffs2.a(compr_rubin.o)
 .debug_info    0x000282f6       0xd7 fs/jffs2/libjffs2.a(compr_zlib.o)
 .debug_info    0x000283cd      0xc25 fs/jffs2/libjffs2.a(mini_inflate.o)
 .debug_info    0x00028ff2      0x253 rtc/librtc.a(date.o)
 .debug_info    0x00029245      0x6ac rtc/librtc.a(s3c24x0_rtc.o)
 .debug_info    0x000298f1     0x13af drivers/nand/libnand.a(nand_util.o)

.debug_abbrev   0x00000000     0x8327
 .debug_abbrev  0x00000000       0x14 cpu/arm920t/start.o
 .debug_abbrev  0x00000014      0x259 board/100ask24x0/boot_init.o
 .debug_abbrev  0x0000026d       0x14 board/100ask24x0/lib100ask24x0.a(lowlevel_init.o)
 .debug_abbrev  0x00000281       0xf1 cpu/arm920t/libarm920t.a(interrupts.o)
 .debug_abbrev  0x00000372      0x265 cpu/arm920t/s3c24x0/libs3c24x0.a(interrupts.o)
 .debug_abbrev  0x000005d7      0x147 cpu/arm920t/s3c24x0/libs3c24x0.a(speed.o)
 .debug_abbrev  0x0000071e       0x14 lib_arm/libarm.a(_udivsi3.o)
 .debug_abbrev  0x00000732      0x229 lib_arm/libarm.a(board.o)
 .debug_abbrev  0x0000095b       0x3a lib_arm/libarm.a(div0.o)
 .debug_abbrev  0x00000995      0x2fc net/libnet.a(net.o)
 .debug_abbrev  0x00000c91      0x19e net/libnet.a(tftp.o)
 .debug_abbrev  0x00000e2f      0x261 net/libnet.a(bootp.o)
 .debug_abbrev  0x00001090      0x108 net/libnet.a(rarp.o)
 .debug_abbrev  0x00001198       0xac net/libnet.a(eth.o)
 .debug_abbrev  0x00001244      0x2e3 net/libnet.a(nfs.o)
 .debug_abbrev  0x00001527      0x2de drivers/libdrivers.a(cfi_flash.o)
 .debug_abbrev  0x00001805      0x198 drivers/libdrivers.a(jedec_flash.o)
 .debug_abbrev  0x0000199d      0x27d drivers/libdrivers.a(dm9000x.o)
 .debug_abbrev  0x00001c1a      0x17d drivers/nand/libnand.a(nand.o)
 .debug_abbrev  0x00001d97      0x32a drivers/nand/libnand.a(nand_base.o)
 .debug_abbrev  0x000020c1       0x83 drivers/nand/libnand.a(nand_ids.o)
 .debug_abbrev  0x00002144      0x171 drivers/nand/libnand.a(nand_ecc.o)
 .debug_abbrev  0x000022b5      0x2b1 drivers/nand/libnand.a(nand_bbt.o)
 .debug_abbrev  0x00002566      0x159 drivers/usb/libusb.a(usbmain.o)
 .debug_abbrev  0x000026bf      0x167 drivers/usb/libusb.a(usbout.o)
 .debug_abbrev  0x00002826      0x17e drivers/usb/libusb.a(usbsetup.o)
 .debug_abbrev  0x000029a4      0x24b drivers/usb/libusb.a(usbinit.o)
 .debug_abbrev  0x00002bef      0x183 drivers/usb/libusb.a(usbin.o)
 .debug_abbrev  0x00002d72      0x140 drivers/usb/libusb.a(usblib.o)
 .debug_abbrev  0x00002eb2      0x284 common/libcommon.a(main.o)
 .debug_abbrev  0x00003136      0x141 common/libcommon.a(cmd_autoscript.o)
 .debug_abbrev  0x00003277      0x119 common/libcommon.a(cmd_bdinfo.o)
 .debug_abbrev  0x00003390       0xd6 common/libcommon.a(cmd_boot.o)
 .debug_abbrev  0x00003466      0x2df common/libcommon.a(cmd_bootm.o)
 .debug_abbrev  0x00003745       0xe5 common/libcommon.a(cmd_cache.o)
 .debug_abbrev  0x0000382a      0x134 common/libcommon.a(cmd_console.o)
 .debug_abbrev  0x0000395e      0x15a common/libcommon.a(cmd_date.o)
 .debug_abbrev  0x00003ab8      0x178 common/libcommon.a(cmd_elf.o)
 .debug_abbrev  0x00003c30      0x1c8 common/libcommon.a(cmd_flash.o)
 .debug_abbrev  0x00003df8      0x17f common/libcommon.a(cmd_itest.o)
 .debug_abbrev  0x00003f77      0x342 common/libcommon.a(cmd_jffs2.o)
 .debug_abbrev  0x000042b9      0x30a common/libcommon.a(cmd_load.o)
 .debug_abbrev  0x000045c3      0x1c0 common/libcommon.a(cmd_mem.o)
 .debug_abbrev  0x00004783       0xc7 common/libcommon.a(cmd_misc.o)
 .debug_abbrev  0x0000484a      0x2d3 common/libcommon.a(cmd_nand.o)
 .debug_abbrev  0x00004b1d      0x17b common/libcommon.a(cmd_net.o)
 .debug_abbrev  0x00004c98      0x22e common/libcommon.a(cmd_nvedit.o)
 .debug_abbrev  0x00004ec6      0x10b common/libcommon.a(cmd_usbslave.o)
 .debug_abbrev  0x00004fd1      0x209 common/libcommon.a(cmd_menu.o)
 .debug_abbrev  0x000051da      0x18b common/libcommon.a(command.o)
 .debug_abbrev  0x00005365      0x23a common/libcommon.a(console.o)
 .debug_abbrev  0x0000559f      0x15b common/libcommon.a(devices.o)
 .debug_abbrev  0x000056fa      0x1d6 common/libcommon.a(dlmalloc.o)
 .debug_abbrev  0x000058d0      0x149 common/libcommon.a(env_common.o)
 .debug_abbrev  0x00005a19      0x22a common/libcommon.a(env_nand.o)
 .debug_abbrev  0x00005c43       0xf3 common/libcommon.a(exports.o)
 .debug_abbrev  0x00005d36      0x11d common/libcommon.a(flash.o)
 .debug_abbrev  0x00005e53      0x18e common/libcommon.a(lists.o)
 .debug_abbrev  0x00005fe1       0xac common/libcommon.a(s_record.o)
 .debug_abbrev  0x0000608d      0x214 common/libcommon.a(xyzModem.o)
 .debug_abbrev  0x000062a1       0xf1 common/libcommon.a(cmd_suspend.o)
 .debug_abbrev  0x00006392       0x9f common/libcommon.a(crc16.o)
 .debug_abbrev  0x00006431       0x90 lib_generic/libgeneric.a(crc32.o)
 .debug_abbrev  0x000064c1       0x42 lib_generic/libgeneric.a(ctype.o)
 .debug_abbrev  0x00006503       0xc1 lib_generic/libgeneric.a(display_options.o)
 .debug_abbrev  0x000065c4      0x136 lib_generic/libgeneric.a(string.o)
 .debug_abbrev  0x000066fa      0x1ad lib_generic/libgeneric.a(vsprintf.o)
 .debug_abbrev  0x000068a7      0x271 lib_generic/libgeneric.a(zlib.o)
 .debug_abbrev  0x00006b18      0x160 board/100ask24x0/lib100ask24x0.a(100ask24x0.o)
 .debug_abbrev  0x00006c78      0x164 cpu/arm920t/libarm920t.a(cpu.o)
 .debug_abbrev  0x00006ddc       0x14 cpu/arm920t/libarm920t.a(suspend.o)
 .debug_abbrev  0x00006df0      0x17c cpu/arm920t/s3c24x0/libs3c24x0.a(serial.o)
 .debug_abbrev  0x00006f6c      0x1ef cpu/arm920t/s3c24x0/libs3c24x0.a(nand_flash.o)
 .debug_abbrev  0x0000715b       0x14 lib_arm/libarm.a(_ashldi3.o)
 .debug_abbrev  0x0000716f       0x14 lib_arm/libarm.a(_ashrdi3.o)
 .debug_abbrev  0x00007183       0x14 lib_arm/libarm.a(_divsi3.o)
 .debug_abbrev  0x00007197       0x14 lib_arm/libarm.a(_modsi3.o)
 .debug_abbrev  0x000071ab       0x14 lib_arm/libarm.a(_umodsi3.o)
 .debug_abbrev  0x000071bf      0x238 lib_arm/libarm.a(armlinux.o)
 .debug_abbrev  0x000073f7       0x4e lib_arm/libarm.a(cache.o)
 .debug_abbrev  0x00007445      0x1bc fs/cramfs/libcramfs.a(cramfs.o)
 .debug_abbrev  0x00007601      0x150 fs/cramfs/libcramfs.a(uncompress.o)
 .debug_abbrev  0x00007751      0x31a fs/jffs2/libjffs2.a(jffs2_1pass.o)
 .debug_abbrev  0x00007a6b       0x9d fs/jffs2/libjffs2.a(compr_rtime.o)
 .debug_abbrev  0x00007b08       0xc4 fs/jffs2/libjffs2.a(compr_rubin.o)
 .debug_abbrev  0x00007bcc       0x66 fs/jffs2/libjffs2.a(compr_zlib.o)
 .debug_abbrev  0x00007c32      0x253 fs/jffs2/libjffs2.a(mini_inflate.o)
 .debug_abbrev  0x00007e85       0xdc rtc/librtc.a(date.o)
 .debug_abbrev  0x00007f61      0x1c0 rtc/librtc.a(s3c24x0_rtc.o)
 .debug_abbrev  0x00008121      0x206 drivers/nand/libnand.a(nand_util.o)

.debug_aranges  0x00000000      0xb00
 .debug_aranges
                0x00000000       0x20 cpu/arm920t/start.o
 .debug_aranges
                0x00000020       0x20 board/100ask24x0/boot_init.o
 .debug_aranges
                0x00000040       0x20 board/100ask24x0/lib100ask24x0.a(lowlevel_init.o)
 .debug_aranges
                0x00000060       0x20 cpu/arm920t/libarm920t.a(interrupts.o)
 .debug_aranges
                0x00000080       0x20 cpu/arm920t/s3c24x0/libs3c24x0.a(interrupts.o)
 .debug_aranges
                0x000000a0       0x20 cpu/arm920t/s3c24x0/libs3c24x0.a(speed.o)
 .debug_aranges
                0x000000c0       0x20 lib_arm/libarm.a(_udivsi3.o)
 .debug_aranges
                0x000000e0       0x20 lib_arm/libarm.a(board.o)
 .debug_aranges
                0x00000100       0x20 lib_arm/libarm.a(div0.o)
 .debug_aranges
                0x00000120       0x20 net/libnet.a(net.o)
 .debug_aranges
                0x00000140       0x20 net/libnet.a(tftp.o)
 .debug_aranges
                0x00000160       0x20 net/libnet.a(bootp.o)
 .debug_aranges
                0x00000180       0x20 net/libnet.a(rarp.o)
 .debug_aranges
                0x000001a0       0x20 net/libnet.a(eth.o)
 .debug_aranges
                0x000001c0       0x20 net/libnet.a(nfs.o)
 .debug_aranges
                0x000001e0       0x20 drivers/libdrivers.a(cfi_flash.o)
 .debug_aranges
                0x00000200       0x20 drivers/libdrivers.a(jedec_flash.o)
 .debug_aranges
                0x00000220       0x20 drivers/libdrivers.a(dm9000x.o)
 .debug_aranges
                0x00000240       0x20 drivers/nand/libnand.a(nand.o)
 .debug_aranges
                0x00000260       0x20 drivers/nand/libnand.a(nand_base.o)
 .debug_aranges
                0x00000280       0x20 drivers/nand/libnand.a(nand_ecc.o)
 .debug_aranges
                0x000002a0       0x20 drivers/nand/libnand.a(nand_bbt.o)
 .debug_aranges
                0x000002c0       0x20 drivers/usb/libusb.a(usbmain.o)
 .debug_aranges
                0x000002e0       0x20 drivers/usb/libusb.a(usbout.o)
 .debug_aranges
                0x00000300       0x20 drivers/usb/libusb.a(usbsetup.o)
 .debug_aranges
                0x00000320       0x20 drivers/usb/libusb.a(usbinit.o)
 .debug_aranges
                0x00000340       0x20 drivers/usb/libusb.a(usbin.o)
 .debug_aranges
                0x00000360       0x20 drivers/usb/libusb.a(usblib.o)
 .debug_aranges
                0x00000380       0x20 common/libcommon.a(main.o)
 .debug_aranges
                0x000003a0       0x20 common/libcommon.a(cmd_autoscript.o)
 .debug_aranges
                0x000003c0       0x20 common/libcommon.a(cmd_bdinfo.o)
 .debug_aranges
                0x000003e0       0x20 common/libcommon.a(cmd_boot.o)
 .debug_aranges
                0x00000400       0x20 common/libcommon.a(cmd_bootm.o)
 .debug_aranges
                0x00000420       0x20 common/libcommon.a(cmd_cache.o)
 .debug_aranges
                0x00000440       0x20 common/libcommon.a(cmd_console.o)
 .debug_aranges
                0x00000460       0x20 common/libcommon.a(cmd_date.o)
 .debug_aranges
                0x00000480       0x20 common/libcommon.a(cmd_elf.o)
 .debug_aranges
                0x000004a0       0x20 common/libcommon.a(cmd_flash.o)
 .debug_aranges
                0x000004c0       0x20 common/libcommon.a(cmd_itest.o)
 .debug_aranges
                0x000004e0       0x20 common/libcommon.a(cmd_jffs2.o)
 .debug_aranges
                0x00000500       0x20 common/libcommon.a(cmd_load.o)
 .debug_aranges
                0x00000520       0x20 common/libcommon.a(cmd_mem.o)
 .debug_aranges
                0x00000540       0x20 common/libcommon.a(cmd_misc.o)
 .debug_aranges
                0x00000560       0x20 common/libcommon.a(cmd_nand.o)
 .debug_aranges
                0x00000580       0x20 common/libcommon.a(cmd_net.o)
 .debug_aranges
                0x000005a0       0x20 common/libcommon.a(cmd_nvedit.o)
 .debug_aranges
                0x000005c0       0x20 common/libcommon.a(cmd_usbslave.o)
 .debug_aranges
                0x000005e0       0x20 common/libcommon.a(cmd_menu.o)
 .debug_aranges
                0x00000600       0x20 common/libcommon.a(command.o)
 .debug_aranges
                0x00000620       0x20 common/libcommon.a(console.o)
 .debug_aranges
                0x00000640       0x20 common/libcommon.a(devices.o)
 .debug_aranges
                0x00000660       0x20 common/libcommon.a(dlmalloc.o)
 .debug_aranges
                0x00000680       0x20 common/libcommon.a(env_common.o)
 .debug_aranges
                0x000006a0       0x20 common/libcommon.a(env_nand.o)
 .debug_aranges
                0x000006c0       0x20 common/libcommon.a(exports.o)
 .debug_aranges
                0x000006e0       0x20 common/libcommon.a(flash.o)
 .debug_aranges
                0x00000700       0x20 common/libcommon.a(lists.o)
 .debug_aranges
                0x00000720       0x20 common/libcommon.a(s_record.o)
 .debug_aranges
                0x00000740       0x20 common/libcommon.a(xyzModem.o)
 .debug_aranges
                0x00000760       0x20 common/libcommon.a(cmd_suspend.o)
 .debug_aranges
                0x00000780       0x20 common/libcommon.a(crc16.o)
 .debug_aranges
                0x000007a0       0x20 lib_generic/libgeneric.a(crc32.o)
 .debug_aranges
                0x000007c0       0x20 lib_generic/libgeneric.a(display_options.o)
 .debug_aranges
                0x000007e0       0x20 lib_generic/libgeneric.a(string.o)
 .debug_aranges
                0x00000800       0x20 lib_generic/libgeneric.a(vsprintf.o)
 .debug_aranges
                0x00000820       0x20 lib_generic/libgeneric.a(zlib.o)
 .debug_aranges
                0x00000840       0x20 board/100ask24x0/lib100ask24x0.a(100ask24x0.o)
 .debug_aranges
                0x00000860       0x20 cpu/arm920t/libarm920t.a(cpu.o)
 .debug_aranges
                0x00000880       0x20 cpu/arm920t/libarm920t.a(suspend.o)
 .debug_aranges
                0x000008a0       0x20 cpu/arm920t/s3c24x0/libs3c24x0.a(serial.o)
 .debug_aranges
                0x000008c0       0x20 cpu/arm920t/s3c24x0/libs3c24x0.a(nand_flash.o)
 .debug_aranges
                0x000008e0       0x20 lib_arm/libarm.a(_ashldi3.o)
 .debug_aranges
                0x00000900       0x20 lib_arm/libarm.a(_ashrdi3.o)
 .debug_aranges
                0x00000920       0x20 lib_arm/libarm.a(_divsi3.o)
 .debug_aranges
                0x00000940       0x20 lib_arm/libarm.a(_modsi3.o)
 .debug_aranges
                0x00000960       0x20 lib_arm/libarm.a(_umodsi3.o)
 .debug_aranges
                0x00000980       0x20 lib_arm/libarm.a(armlinux.o)
 .debug_aranges
                0x000009a0       0x20 lib_arm/libarm.a(cache.o)
 .debug_aranges
                0x000009c0       0x20 fs/cramfs/libcramfs.a(cramfs.o)
 .debug_aranges
                0x000009e0       0x20 fs/cramfs/libcramfs.a(uncompress.o)
 .debug_aranges
                0x00000a00       0x20 fs/jffs2/libjffs2.a(jffs2_1pass.o)
 .debug_aranges
                0x00000a20       0x20 fs/jffs2/libjffs2.a(compr_rtime.o)
 .debug_aranges
                0x00000a40       0x20 fs/jffs2/libjffs2.a(compr_rubin.o)
 .debug_aranges
                0x00000a60       0x20 fs/jffs2/libjffs2.a(compr_zlib.o)
 .debug_aranges
                0x00000a80       0x20 fs/jffs2/libjffs2.a(mini_inflate.o)
 .debug_aranges
                0x00000aa0       0x20 rtc/librtc.a(date.o)
 .debug_aranges
                0x00000ac0       0x20 rtc/librtc.a(s3c24x0_rtc.o)
 .debug_aranges
                0x00000ae0       0x20 drivers/nand/libnand.a(nand_util.o)

.debug_frame    0x00000000     0x4198
 .debug_frame   0x00000000      0x18c board/100ask24x0/boot_init.o
 .debug_frame   0x0000018c      0x110 cpu/arm920t/libarm920t.a(interrupts.o)
 .debug_frame   0x0000029c      0x1cc cpu/arm920t/s3c24x0/libs3c24x0.a(interrupts.o)
 .debug_frame   0x00000468       0x7c cpu/arm920t/s3c24x0/libs3c24x0.a(speed.o)
 .debug_frame   0x000004e4       0xb4 lib_arm/libarm.a(board.o)
 .debug_frame   0x00000598       0x20 lib_arm/libarm.a(div0.o)
 .debug_frame   0x000005b8      0x2c0 net/libnet.a(net.o)
 .debug_frame   0x00000878       0x8c net/libnet.a(tftp.o)
 .debug_frame   0x00000904       0x8c net/libnet.a(bootp.o)
 .debug_frame   0x00000990       0x60 net/libnet.a(rarp.o)
 .debug_frame   0x000009f0       0x20 net/libnet.a(eth.o)
 .debug_frame   0x00000a10      0x14c net/libnet.a(nfs.o)
 .debug_frame   0x00000b5c      0x2ec drivers/libdrivers.a(cfi_flash.o)
 .debug_frame   0x00000e48       0x54 drivers/libdrivers.a(jedec_flash.o)
 .debug_frame   0x00000e9c      0x1b8 drivers/libdrivers.a(dm9000x.o)
 .debug_frame   0x00001054       0x28 drivers/nand/libnand.a(nand.o)
 .debug_frame   0x0000107c      0x460 drivers/nand/libnand.a(nand_base.o)
 .debug_frame   0x000014dc       0x54 drivers/nand/libnand.a(nand_ecc.o)
 .debug_frame   0x00001530      0x1a0 drivers/nand/libnand.a(nand_bbt.o)
 .debug_frame   0x000016d0       0x70 drivers/usb/libusb.a(usbmain.o)
 .debug_frame   0x00001740       0x80 drivers/usb/libusb.a(usbout.o)
 .debug_frame   0x000017c0       0x70 drivers/usb/libusb.a(usbsetup.o)
 .debug_frame   0x00001830      0x124 drivers/usb/libusb.a(usbinit.o)
 .debug_frame   0x00001954       0x48 drivers/usb/libusb.a(usbin.o)
 .debug_frame   0x0000199c       0xd0 drivers/usb/libusb.a(usblib.o)
 .debug_frame   0x00001a6c       0xb8 common/libcommon.a(main.o)
 .debug_frame   0x00001b24       0x4c common/libcommon.a(cmd_autoscript.o)
 .debug_frame   0x00001b70       0x3c common/libcommon.a(cmd_bdinfo.o)
 .debug_frame   0x00001bac       0x2c common/libcommon.a(cmd_boot.o)
 .debug_frame   0x00001bd8      0x120 common/libcommon.a(cmd_bootm.o)
 .debug_frame   0x00001cf8       0x58 common/libcommon.a(cmd_cache.o)
 .debug_frame   0x00001d50       0x30 common/libcommon.a(cmd_console.o)
 .debug_frame   0x00001d80       0x64 common/libcommon.a(cmd_date.o)
 .debug_frame   0x00001de4       0x88 common/libcommon.a(cmd_elf.o)
 .debug_frame   0x00001e6c      0x124 common/libcommon.a(cmd_flash.o)
 .debug_frame   0x00001f90       0x74 common/libcommon.a(cmd_itest.o)
 .debug_frame   0x00002004      0x2ac common/libcommon.a(cmd_jffs2.o)
 .debug_frame   0x000022b0      0x198 common/libcommon.a(cmd_load.o)
 .debug_frame   0x00002448      0x184 common/libcommon.a(cmd_mem.o)
 .debug_frame   0x000025cc       0x30 common/libcommon.a(cmd_misc.o)
 .debug_frame   0x000025fc       0xac common/libcommon.a(cmd_nand.o)
 .debug_frame   0x000026a8       0x90 common/libcommon.a(cmd_net.o)
 .debug_frame   0x00002738      0x108 common/libcommon.a(cmd_nvedit.o)
 .debug_frame   0x00002840       0x2c common/libcommon.a(cmd_usbslave.o)
 .debug_frame   0x0000286c       0x94 common/libcommon.a(cmd_menu.o)
 .debug_frame   0x00002900       0x98 common/libcommon.a(command.o)
 .debug_frame   0x00002998      0x214 common/libcommon.a(console.o)
 .debug_frame   0x00002bac       0x5c common/libcommon.a(devices.o)
 .debug_frame   0x00002c08      0x13c common/libcommon.a(dlmalloc.o)
 .debug_frame   0x00002d44       0x7c common/libcommon.a(env_common.o)
 .debug_frame   0x00002dc0       0x88 common/libcommon.a(env_nand.o)
 .debug_frame   0x00002e48       0x48 common/libcommon.a(exports.o)
 .debug_frame   0x00002e90       0x80 common/libcommon.a(flash.o)
 .debug_frame   0x00002f10      0x134 common/libcommon.a(lists.o)
 .debug_frame   0x00003044       0x64 common/libcommon.a(s_record.o)
 .debug_frame   0x000030a8      0x128 common/libcommon.a(xyzModem.o)
 .debug_frame   0x000031d0       0x2c common/libcommon.a(cmd_suspend.o)
 .debug_frame   0x000031fc       0x28 common/libcommon.a(crc16.o)
 .debug_frame   0x00003224       0x40 lib_generic/libgeneric.a(crc32.o)
 .debug_frame   0x00003264       0x48 lib_generic/libgeneric.a(display_options.o)
 .debug_frame   0x000032ac      0x1dc lib_generic/libgeneric.a(string.o)
 .debug_frame   0x00003488       0xe4 lib_generic/libgeneric.a(vsprintf.o)
 .debug_frame   0x0000356c      0x1f4 lib_generic/libgeneric.a(zlib.o)
 .debug_frame   0x00003760       0x40 board/100ask24x0/lib100ask24x0.a(100ask24x0.o)
 .debug_frame   0x000037a0      0x114 cpu/arm920t/libarm920t.a(cpu.o)
 .debug_frame   0x000038b4       0x88 cpu/arm920t/s3c24x0/libs3c24x0.a(serial.o)
 .debug_frame   0x0000393c       0x80 cpu/arm920t/s3c24x0/libs3c24x0.a(nand_flash.o)
 .debug_frame   0x000039bc       0xa0 lib_arm/libarm.a(armlinux.o)
 .debug_frame   0x00003a5c       0x20 lib_arm/libarm.a(cache.o)
 .debug_frame   0x00003a7c      0x118 fs/cramfs/libcramfs.a(cramfs.o)
 .debug_frame   0x00003b94       0x80 fs/cramfs/libcramfs.a(uncompress.o)
 .debug_frame   0x00003c14      0x208 fs/jffs2/libjffs2.a(jffs2_1pass.o)
 .debug_frame   0x00003e1c       0x34 fs/jffs2/libjffs2.a(compr_rtime.o)
 .debug_frame   0x00003e50       0x4c fs/jffs2/libjffs2.a(compr_rubin.o)
 .debug_frame   0x00003e9c       0x20 fs/jffs2/libjffs2.a(compr_zlib.o)
 .debug_frame   0x00003ebc       0xe8 fs/jffs2/libjffs2.a(mini_inflate.o)
 .debug_frame   0x00003fa4       0x6c rtc/librtc.a(date.o)
 .debug_frame   0x00004010       0x94 rtc/librtc.a(s3c24x0_rtc.o)
 .debug_frame   0x000040a4       0xf4 drivers/nand/libnand.a(nand_util.o)

.debug_pubnames
                0x00000000     0x2c31
 .debug_pubnames
                0x00000000       0x7d board/100ask24x0/boot_init.o
 .debug_pubnames
                0x0000007d       0xdf cpu/arm920t/libarm920t.a(interrupts.o)
 .debug_pubnames
                0x0000015c      0x19a cpu/arm920t/s3c24x0/libs3c24x0.a(interrupts.o)
 .debug_pubnames
                0x000002f6       0x46 cpu/arm920t/s3c24x0/libs3c24x0.a(speed.o)
 .debug_pubnames
                0x0000033c       0x8a lib_arm/libarm.a(board.o)
 .debug_pubnames
                0x000003c6       0x1d lib_arm/libarm.a(div0.o)
 .debug_pubnames
                0x000003e3      0x3f2 net/libnet.a(net.o)
 .debug_pubnames
                0x000007d5       0x20 net/libnet.a(tftp.o)
 .debug_pubnames
                0x000007f5       0x3c net/libnet.a(bootp.o)
 .debug_pubnames
                0x00000831       0x2e net/libnet.a(rarp.o)
 .debug_pubnames
                0x0000085f       0x25 net/libnet.a(eth.o)
 .debug_pubnames
                0x00000884       0x1f net/libnet.a(nfs.o)
 .debug_pubnames
                0x000008a3       0xa6 drivers/libdrivers.a(cfi_flash.o)
 .debug_pubnames
                0x00000949       0x3e drivers/libdrivers.a(jedec_flash.o)
 .debug_pubnames
                0x00000987       0x6b drivers/libdrivers.a(dm9000x.o)
 .debug_pubnames
                0x000009f2       0x43 drivers/nand/libnand.a(nand.o)
 .debug_pubnames
                0x00000a35       0x6e drivers/nand/libnand.a(nand_base.o)
 .debug_pubnames
                0x00000aa3       0x38 drivers/nand/libnand.a(nand_ids.o)
 .debug_pubnames
                0x00000adb       0x3f drivers/nand/libnand.a(nand_ecc.o)
 .debug_pubnames
                0x00000b1a       0x60 drivers/nand/libnand.a(nand_bbt.o)
 .debug_pubnames
                0x00000b7a       0x78 drivers/usb/libusb.a(usbmain.o)
 .debug_pubnames
                0x00000bf2       0x50 drivers/usb/libusb.a(usbout.o)
 .debug_pubnames
                0x00000c42      0x182 drivers/usb/libusb.a(usbsetup.o)
 .debug_pubnames
                0x00000dc4      0x239 drivers/usb/libusb.a(usbinit.o)
 .debug_pubnames
                0x00000ffd       0x51 drivers/usb/libusb.a(usbin.o)
 .debug_pubnames
                0x0000104e       0xaa drivers/usb/libusb.a(usblib.o)
 .debug_pubnames
                0x000010f8       0x5b common/libcommon.a(main.o)
 .debug_pubnames
                0x00001153       0x4c common/libcommon.a(cmd_autoscript.o)
 .debug_pubnames
                0x0000119f       0x38 common/libcommon.a(cmd_bdinfo.o)
 .debug_pubnames
                0x000011d7       0x47 common/libcommon.a(cmd_boot.o)
 .debug_pubnames
                0x0000121e       0xe4 common/libcommon.a(cmd_bootm.o)
 .debug_pubnames
                0x00001302       0x5e common/libcommon.a(cmd_cache.o)
 .debug_pubnames
                0x00001360       0x3a common/libcommon.a(cmd_console.o)
 .debug_pubnames
                0x0000139a       0x4d common/libcommon.a(cmd_date.o)
 .debug_pubnames
                0x000013e7       0x87 common/libcommon.a(cmd_elf.o)
 .debug_pubnames
                0x0000146e       0xb2 common/libcommon.a(cmd_flash.o)
 .debug_pubnames
                0x00001520       0x53 common/libcommon.a(cmd_itest.o)
 .debug_pubnames
                0x00001573      0x136 common/libcommon.a(cmd_jffs2.o)
 .debug_pubnames
                0x000016a9      0x1e0 common/libcommon.a(cmd_load.o)
 .debug_pubnames
                0x00001889      0x1e7 common/libcommon.a(cmd_mem.o)
 .debug_pubnames
                0x00001a70       0x36 common/libcommon.a(cmd_misc.o)
 .debug_pubnames
                0x00001aa6       0x5b common/libcommon.a(cmd_nand.o)
 .debug_pubnames
                0x00001b01       0xc6 common/libcommon.a(cmd_net.o)
 .debug_pubnames
                0x00001bc7       0xd1 common/libcommon.a(cmd_nvedit.o)
 .debug_pubnames
                0x00001c98       0x5f common/libcommon.a(cmd_usbslave.o)
 .debug_pubnames
                0x00001cf7       0x81 common/libcommon.a(cmd_menu.o)
 .debug_pubnames
                0x00001d78       0xaa common/libcommon.a(command.o)
 .debug_pubnames
                0x00001e22      0x10e common/libcommon.a(console.o)
 .debug_pubnames
                0x00001f30       0x76 common/libcommon.a(devices.o)
 .debug_pubnames
                0x00001fa6       0xb3 common/libcommon.a(dlmalloc.o)
 .debug_pubnames
                0x00002059       0xa5 common/libcommon.a(env_common.o)
 .debug_pubnames
                0x000020fe       0x75 common/libcommon.a(env_nand.o)
 .debug_pubnames
                0x00002173       0x35 common/libcommon.a(exports.o)
 .debug_pubnames
                0x000021a8       0x53 common/libcommon.a(flash.o)
 .debug_pubnames
                0x000021fb      0x116 common/libcommon.a(lists.o)
 .debug_pubnames
                0x00002311       0x22 common/libcommon.a(s_record.o)
 .debug_pubnames
                0x00002333       0xd5 common/libcommon.a(xyzModem.o)
 .debug_pubnames
                0x00002408       0x3a common/libcommon.a(cmd_suspend.o)
 .debug_pubnames
                0x00002442       0x20 common/libcommon.a(crc16.o)
 .debug_pubnames
                0x00002462       0x2e lib_generic/libgeneric.a(crc32.o)
 .debug_pubnames
                0x00002490       0x1d lib_generic/libgeneric.a(ctype.o)
 .debug_pubnames